<!doctype html public "-//w3c//dtd html 4.0 transitional//en">
<html><head>
<title>Static Call Graph - [.\TFLite_Micro_stm32h750\TFLite_Micro_stm32h750.axf]</title></head>
<body><HR>
<H1>Static Call Graph for image .\TFLite_Micro_stm32h750\TFLite_Micro_stm32h750.axf</H1><HR>
<BR><P>#&#060CALLGRAPH&#062# ARM Linker, 6190004: Last Updated: Sun Mar 15 22:17:44 2026
<BR><P>
<H3>Maximum Stack Usage =       1028 bytes + Unknown(Functions without stacksize, Cycles, Untraceable Function Pointers)</H3><H3>
Call chain for Maximum Stack Depth:</H3>
tflite::(anonymous namespace)::Eval(TfLiteContext*, TfLiteNode*) &rArr; TfLiteStatus tflite::(anonymous namespace)::EvalQuantizedPerChannel&lang;signed char, int, (TfLiteType)9&rang;(TfLiteContext*, TfLiteNode*, TfLiteConvParams const&, tflite::(anonymous namespace)::OpData const&, TfLiteEvalTensor const*, TfLiteEvalTensor const*, TfLiteEvalTensor const*, TfLiteEvalTensor*) &rArr; arm_convolve_wrapper_s8 &rArr; arm_convolve_1_x_n_s8 &rArr; arm_convolve_s8 &rArr; arm_nn_mat_mult_kernel_row_offset_s8_s16
<P>
<H3>
Functions with no stack information
</H3><UL>
 <LI><a href="#[1df]">__user_initial_stackheap</a>
</UL>
</UL>
<P>
<H3>
Mutually Recursive functions
</H3> <LI><a href="#[9b]">ADC3_IRQHandler</a>&nbsp;&nbsp;&nbsp;&rArr;&nbsp;&nbsp;&nbsp;<a href="#[9b]">ADC3_IRQHandler</a><BR>
 <LI><a href="#[1d]">BusFault_Handler</a>&nbsp;&nbsp;&nbsp;&rArr;&nbsp;&nbsp;&nbsp;<a href="#[1d]">BusFault_Handler</a><BR>
 <LI><a href="#[1b]">HardFault_Handler</a>&nbsp;&nbsp;&nbsp;&rArr;&nbsp;&nbsp;&nbsp;<a href="#[1b]">HardFault_Handler</a><BR>
 <LI><a href="#[1c]">MemManage_Handler</a>&nbsp;&nbsp;&nbsp;&rArr;&nbsp;&nbsp;&nbsp;<a href="#[1c]">MemManage_Handler</a><BR>
 <LI><a href="#[1e]">UsageFault_Handler</a>&nbsp;&nbsp;&nbsp;&rArr;&nbsp;&nbsp;&nbsp;<a href="#[1e]">UsageFault_Handler</a><BR>
 <LI><a href="#[344]">tflite::AllocationInfoBuilder::MarkSubgraphLifetimesIfNecessary(tflite::Operator const*, tflite::internal::ScratchBufferRequest*, tflite::ScratchBufferHandle*, tflite::SubgraphAllocations*)</a>&nbsp;&nbsp;&nbsp;&rArr;&nbsp;&nbsp;&nbsp;<a href="#[31f]">tflite::AllocationInfoBuilder::MarkAllocationLifetimes(int, tflite::internal::ScratchBufferRequest*, tflite::ScratchBufferHandle*, tflite::SubgraphAllocations*)</a><BR>
 <LI><a href="#[310]">void tflite::reference_ops::BroadcastMulRecursiveDimensions&lang;int, std::__2::enable_if&lang;!is_small_integer&lang;int&rang;::value || false, void&rang;::type tflite::reference_ops::BroadcastMul6DSlow&lang;int, false&rang;(tflite::ArithmeticParams const&, tflite::RuntimeShape const&, int const*, tflite::RuntimeShape const&, int const*, tflite::RuntimeShape const&, int*)::'lambda'(tflite::ArithmeticParams const&, int, int)&rang;(tflite::ArithmeticParams const&, int, int const*, int const*, int*, unsigned int*, unsigned int*, unsigned int*, tflite::NdArrayDesc&lang;6&rang; const&, tflite::NdArrayDesc&lang;6&rang; const&, int const*, std::__2::enable_if&lang;!is_small_integer&lang;int&rang;::value || false, void&rang;::type tflite::reference_ops::BroadcastMul6DSlow&lang;int, false&rang;(tflite::ArithmeticParams const&, tflite::RuntimeShape const&, int const*, tflite::RuntimeShape const&, int const*, tflite::RuntimeShape const&, int*)::'lambda'(tflite::ArithmeticParams const&, int, int))</a>&nbsp;&nbsp;&nbsp;&rArr;&nbsp;&nbsp;&nbsp;<a href="#[310]">void tflite::reference_ops::BroadcastMulRecursiveDimensions&lang;int, std::__2::enable_if&lang;!is_small_integer&lang;int&rang;::value || false, void&rang;::type tflite::reference_ops::BroadcastMul6DSlow&lang;int, false&rang;(tflite::ArithmeticParams const&, tflite::RuntimeShape const&, int const*, tflite::RuntimeShape const&, int const*, tflite::RuntimeShape const&, int*)::'lambda'(tflite::ArithmeticParams const&, int, int)&rang;(tflite::ArithmeticParams const&, int, int const*, int const*, int*, unsigned int*, unsigned int*, unsigned int*, tflite::NdArrayDesc&lang;6&rang; const&, tflite::NdArrayDesc&lang;6&rang; const&, int const*, std::__2::enable_if&lang;!is_small_integer&lang;int&rang;::value || false, void&rang;::type tflite::reference_ops::BroadcastMul6DSlow&lang;int, false&rang;(tflite::ArithmeticParams const&, tflite::RuntimeShape const&, int const*, tflite::RuntimeShape const&, int const*, tflite::RuntimeShape const&, int*)::'lambda'(tflite::ArithmeticParams const&, int, int))</a><BR>
 <LI><a href="#[30e]">void tflite::reference_ops::BroadcastMulRecursiveDimensions&lang;float, std::__2::enable_if&lang;!is_small_integer&lang;float&rang;::value || false, void&rang;::type tflite::reference_ops::BroadcastMul6DSlow&lang;float, false&rang;(tflite::ArithmeticParams const&, tflite::RuntimeShape const&, float const*, tflite::RuntimeShape const&, float const*, tflite::RuntimeShape const&, float*)::'lambda'(tflite::ArithmeticParams const&, float, float)&rang;(tflite::ArithmeticParams const&, int, float const*, float const*, float*, unsigned int*, unsigned int*, unsigned int*, tflite::NdArrayDesc&lang;6&rang; const&, tflite::NdArrayDesc&lang;6&rang; const&, int const*, std::__2::enable_if&lang;!is_small_integer&lang;float&rang;::value || false, void&rang;::type tflite::reference_ops::BroadcastMul6DSlow&lang;float, false&rang;(tflite::ArithmeticParams const&, tflite::RuntimeShape const&, float const*, tflite::RuntimeShape const&, float const*, tflite::RuntimeShape const&, float*)::'lambda'(tflite::ArithmeticParams const&, float, float))</a>&nbsp;&nbsp;&nbsp;&rArr;&nbsp;&nbsp;&nbsp;<a href="#[30e]">void tflite::reference_ops::BroadcastMulRecursiveDimensions&lang;float, std::__2::enable_if&lang;!is_small_integer&lang;float&rang;::value || false, void&rang;::type tflite::reference_ops::BroadcastMul6DSlow&lang;float, false&rang;(tflite::ArithmeticParams const&, tflite::RuntimeShape const&, float const*, tflite::RuntimeShape const&, float const*, tflite::RuntimeShape const&, float*)::'lambda'(tflite::ArithmeticParams const&, float, float)&rang;(tflite::ArithmeticParams const&, int, float const*, float const*, float*, unsigned int*, unsigned int*, unsigned int*, tflite::NdArrayDesc&lang;6&rang; const&, tflite::NdArrayDesc&lang;6&rang; const&, int const*, std::__2::enable_if&lang;!is_small_integer&lang;float&rang;::value || false, void&rang;::type tflite::reference_ops::BroadcastMul6DSlow&lang;float, false&rang;(tflite::ArithmeticParams const&, tflite::RuntimeShape const&, float const*, tflite::RuntimeShape const&, float const*, tflite::RuntimeShape const&, float*)::'lambda'(tflite::ArithmeticParams const&, float, float))</a><BR>
 <LI><a href="#[312]">void tflite::reference_ops::BroadcastAddRecursiveDimensions&lang;int&rang;(int, unsigned int*, unsigned int*, unsigned int*, unsigned int*, unsigned int*, unsigned int*, int, int, int const*, int const*, int*)</a>&nbsp;&nbsp;&nbsp;&rArr;&nbsp;&nbsp;&nbsp;<a href="#[312]">void tflite::reference_ops::BroadcastAddRecursiveDimensions&lang;int&rang;(int, unsigned int*, unsigned int*, unsigned int*, unsigned int*, unsigned int*, unsigned int*, int, int, int const*, int const*, int*)</a><BR>
 <LI><a href="#[311]">void tflite::reference_ops::BroadcastAddRecursiveDimensions&lang;float&rang;(int, unsigned int*, unsigned int*, unsigned int*, unsigned int*, unsigned int*, unsigned int*, float, float, float const*, float const*, float*)</a>&nbsp;&nbsp;&nbsp;&rArr;&nbsp;&nbsp;&nbsp;<a href="#[311]">void tflite::reference_ops::BroadcastAddRecursiveDimensions&lang;float&rang;(int, unsigned int*, unsigned int*, unsigned int*, unsigned int*, unsigned int*, unsigned int*, float, float, float const*, float const*, float*)</a><BR>
 <LI><a href="#[2db]">void tflite::reference_integer_ops::BroadcastAddRecursiveDimensions&lang;signed char&rang;(tflite::ArithmeticParams const&, int, unsigned int*, unsigned int*, unsigned int*, unsigned int*, unsigned int*, unsigned int*, signed char const*, signed char const*, signed char*, void (*)(tflite::ArithmeticParams const&), signed char (*)(signed char, signed char, tflite::ArithmeticParams const&))</a>&nbsp;&nbsp;&nbsp;&rArr;&nbsp;&nbsp;&nbsp;<a href="#[2db]">void tflite::reference_integer_ops::BroadcastAddRecursiveDimensions&lang;signed char&rang;(tflite::ArithmeticParams const&, int, unsigned int*, unsigned int*, unsigned int*, unsigned int*, unsigned int*, unsigned int*, signed char const*, signed char const*, signed char*, void (*)(tflite::ArithmeticParams const&), signed char (*)(signed char, signed char, tflite::ArithmeticParams const&))</a><BR>
 <LI><a href="#[2e0]">void tflite::reference_ops::BroadcastAddRecursiveDimensions&lang;short&rang;(tflite::ArithmeticParams const&, int, unsigned int*, unsigned int*, unsigned int*, unsigned int*, unsigned int*, unsigned int*, short const*, short const*, short*)</a>&nbsp;&nbsp;&nbsp;&rArr;&nbsp;&nbsp;&nbsp;<a href="#[2e0]">void tflite::reference_ops::BroadcastAddRecursiveDimensions&lang;short&rang;(tflite::ArithmeticParams const&, int, unsigned int*, unsigned int*, unsigned int*, unsigned int*, unsigned int*, unsigned int*, short const*, short const*, short*)</a><BR>
 <LI><a href="#[2bc]">void tflite::reference_ops::transpose_internal::TransposeImpl&lang;signed char&rang;(int, int, int const*, signed char const*, int const*, signed char*, int const*, int const*)</a>&nbsp;&nbsp;&nbsp;&rArr;&nbsp;&nbsp;&nbsp;<a href="#[2bc]">void tflite::reference_ops::transpose_internal::TransposeImpl&lang;signed char&rang;(int, int, int const*, signed char const*, int const*, signed char*, int const*, int const*)</a><BR>
 <LI><a href="#[2bd]">void tflite::reference_ops::transpose_internal::TransposeImpl&lang;int&rang;(int, int, int const*, int const*, int const*, int*, int const*, int const*)</a>&nbsp;&nbsp;&nbsp;&rArr;&nbsp;&nbsp;&nbsp;<a href="#[2bd]">void tflite::reference_ops::transpose_internal::TransposeImpl&lang;int&rang;(int, int, int const*, int const*, int const*, int*, int const*, int const*)</a><BR>
 <LI><a href="#[1fc]">Error_Handler</a>&nbsp;&nbsp;&nbsp;&rArr;&nbsp;&nbsp;&nbsp;<a href="#[1fc]">Error_Handler</a><BR>
</UL>
<P>
<H3>
Function Pointers
</H3><UL>
 <LI><a href="#[9b]">ADC3_IRQHandler</a> from startup_stm32h750xx.o(.text) referenced from startup_stm32h750xx.o(RESET)
 <LI><a href="#[35]">ADC_IRQHandler</a> from startup_stm32h750xx.o(.text) referenced from startup_stm32h750xx.o(RESET)
 <LI><a href="#[9d]">BDMA_Channel0_IRQHandler</a> from startup_stm32h750xx.o(.text) referenced from startup_stm32h750xx.o(RESET)
 <LI><a href="#[9e]">BDMA_Channel1_IRQHandler</a> from startup_stm32h750xx.o(.text) referenced from startup_stm32h750xx.o(RESET)
 <LI><a href="#[9f]">BDMA_Channel2_IRQHandler</a> from startup_stm32h750xx.o(.text) referenced from startup_stm32h750xx.o(RESET)
 <LI><a href="#[a0]">BDMA_Channel3_IRQHandler</a> from startup_stm32h750xx.o(.text) referenced from startup_stm32h750xx.o(RESET)
 <LI><a href="#[a1]">BDMA_Channel4_IRQHandler</a> from startup_stm32h750xx.o(.text) referenced from startup_stm32h750xx.o(RESET)
 <LI><a href="#[a2]">BDMA_Channel5_IRQHandler</a> from startup_stm32h750xx.o(.text) referenced from startup_stm32h750xx.o(RESET)
 <LI><a href="#[a3]">BDMA_Channel6_IRQHandler</a> from startup_stm32h750xx.o(.text) referenced from startup_stm32h750xx.o(RESET)
 <LI><a href="#[a4]">BDMA_Channel7_IRQHandler</a> from startup_stm32h750xx.o(.text) referenced from startup_stm32h750xx.o(RESET)
 <LI><a href="#[1d]">BusFault_Handler</a> from stm32h7xx_it.o(.text.BusFault_Handler) referenced from startup_stm32h750xx.o(RESET)
 <LI><a href="#[7c]">CEC_IRQHandler</a> from startup_stm32h750xx.o(.text) referenced from startup_stm32h750xx.o(RESET)
 <LI><a href="#[a5]">COMP1_IRQHandler</a> from startup_stm32h750xx.o(.text) referenced from startup_stm32h750xx.o(RESET)
 <LI><a href="#[ab]">CRS_IRQHandler</a> from startup_stm32h750xx.o(.text) referenced from startup_stm32h750xx.o(RESET)
 <LI><a href="#[6d]">CRYP_IRQHandler</a> from startup_stm32h750xx.o(.text) referenced from startup_stm32h750xx.o(RESET)
 <LI><a href="#[b5]">DCMI_DMAError</a> from stm32h7xx_hal_dcmi.o(.text.DCMI_DMAError) referenced 2 times from stm32h7xx_hal_dcmi.o(.text.HAL_DCMI_IRQHandler)
 <LI><a href="#[b5]">DCMI_DMAError</a> from stm32h7xx_hal_dcmi.o(.text.DCMI_DMAError) referenced 2 times from stm32h7xx_hal_dcmi.o(.text.HAL_DCMI_Start_DMA)
 <LI><a href="#[b6]">DCMI_DMAXferCplt</a> from stm32h7xx_hal_dcmi.o(.text.DCMI_DMAXferCplt) referenced 2 times from stm32h7xx_hal_dcmi.o(.text.HAL_DCMI_Start_DMA)
 <LI><a href="#[6c]">DCMI_IRQHandler</a> from stm32h7xx_it.o(.text.DCMI_IRQHandler) referenced from startup_stm32h750xx.o(RESET)
 <LI><a href="#[8c]">DFSDM1_FLT0_IRQHandler</a> from startup_stm32h750xx.o(.text) referenced from startup_stm32h750xx.o(RESET)
 <LI><a href="#[8d]">DFSDM1_FLT1_IRQHandler</a> from startup_stm32h750xx.o(.text) referenced from startup_stm32h750xx.o(RESET)
 <LI><a href="#[8e]">DFSDM1_FLT2_IRQHandler</a> from startup_stm32h750xx.o(.text) referenced from startup_stm32h750xx.o(RESET)
 <LI><a href="#[8f]">DFSDM1_FLT3_IRQHandler</a> from startup_stm32h750xx.o(.text) referenced from startup_stm32h750xx.o(RESET)
 <LI><a href="#[2e]">DMA1_Stream0_IRQHandler</a> from stm32h7xx_it.o(.text.DMA1_Stream0_IRQHandler) referenced from startup_stm32h750xx.o(RESET)
 <LI><a href="#[2f]">DMA1_Stream1_IRQHandler</a> from startup_stm32h750xx.o(.text) referenced from startup_stm32h750xx.o(RESET)
 <LI><a href="#[30]">DMA1_Stream2_IRQHandler</a> from startup_stm32h750xx.o(.text) referenced from startup_stm32h750xx.o(RESET)
 <LI><a href="#[31]">DMA1_Stream3_IRQHandler</a> from startup_stm32h750xx.o(.text) referenced from startup_stm32h750xx.o(RESET)
 <LI><a href="#[32]">DMA1_Stream4_IRQHandler</a> from startup_stm32h750xx.o(.text) referenced from startup_stm32h750xx.o(RESET)
 <LI><a href="#[33]">DMA1_Stream5_IRQHandler</a> from startup_stm32h750xx.o(.text) referenced from startup_stm32h750xx.o(RESET)
 <LI><a href="#[34]">DMA1_Stream6_IRQHandler</a> from startup_stm32h750xx.o(.text) referenced from startup_stm32h750xx.o(RESET)
 <LI><a href="#[51]">DMA1_Stream7_IRQHandler</a> from startup_stm32h750xx.o(.text) referenced from startup_stm32h750xx.o(RESET)
 <LI><a href="#[78]">DMA2D_IRQHandler</a> from startup_stm32h750xx.o(.text) referenced from startup_stm32h750xx.o(RESET)
 <LI><a href="#[5a]">DMA2_Stream0_IRQHandler</a> from startup_stm32h750xx.o(.text) referenced from startup_stm32h750xx.o(RESET)
 <LI><a href="#[5b]">DMA2_Stream1_IRQHandler</a> from stm32h7xx_it.o(.text.DMA2_Stream1_IRQHandler) referenced from startup_stm32h750xx.o(RESET)
 <LI><a href="#[5c]">DMA2_Stream2_IRQHandler</a> from startup_stm32h750xx.o(.text) referenced from startup_stm32h750xx.o(RESET)
 <LI><a href="#[5d]">DMA2_Stream3_IRQHandler</a> from startup_stm32h750xx.o(.text) referenced from startup_stm32h750xx.o(RESET)
 <LI><a href="#[5e]">DMA2_Stream4_IRQHandler</a> from startup_stm32h750xx.o(.text) referenced from startup_stm32h750xx.o(RESET)
 <LI><a href="#[62]">DMA2_Stream5_IRQHandler</a> from startup_stm32h750xx.o(.text) referenced from startup_stm32h750xx.o(RESET)
 <LI><a href="#[63]">DMA2_Stream6_IRQHandler</a> from startup_stm32h750xx.o(.text) referenced from startup_stm32h750xx.o(RESET)
 <LI><a href="#[64]">DMA2_Stream7_IRQHandler</a> from startup_stm32h750xx.o(.text) referenced from startup_stm32h750xx.o(RESET)
 <LI><a href="#[84]">DMAMUX1_OVR_IRQHandler</a> from startup_stm32h750xx.o(.text) referenced from startup_stm32h750xx.o(RESET)
 <LI><a href="#[9c]">DMAMUX2_OVR_IRQHandler</a> from startup_stm32h750xx.o(.text) referenced from startup_stm32h750xx.o(RESET)
 <LI><a href="#[20]">DebugMon_Handler</a> from stm32h7xx_it.o(.text.DebugMon_Handler) referenced from startup_stm32h750xx.o(RESET)
 <LI><a href="#[ac]">ECC_IRQHandler</a> from startup_stm32h750xx.o(.text) referenced from startup_stm32h750xx.o(RESET)
 <LI><a href="#[5f]">ETH_IRQHandler</a> from startup_stm32h750xx.o(.text) referenced from startup_stm32h750xx.o(RESET)
 <LI><a href="#[60]">ETH_WKUP_IRQHandler</a> from startup_stm32h750xx.o(.text) referenced from startup_stm32h750xx.o(RESET)
 <LI><a href="#[29]">EXTI0_IRQHandler</a> from startup_stm32h750xx.o(.text) referenced from startup_stm32h750xx.o(RESET)
 <LI><a href="#[4b]">EXTI15_10_IRQHandler</a> from startup_stm32h750xx.o(.text) referenced from startup_stm32h750xx.o(RESET)
 <LI><a href="#[2a]">EXTI1_IRQHandler</a> from startup_stm32h750xx.o(.text) referenced from startup_stm32h750xx.o(RESET)
 <LI><a href="#[2b]">EXTI2_IRQHandler</a> from startup_stm32h750xx.o(.text) referenced from startup_stm32h750xx.o(RESET)
 <LI><a href="#[2c]">EXTI3_IRQHandler</a> from startup_stm32h750xx.o(.text) referenced from startup_stm32h750xx.o(RESET)
 <LI><a href="#[2d]">EXTI4_IRQHandler</a> from startup_stm32h750xx.o(.text) referenced from startup_stm32h750xx.o(RESET)
 <LI><a href="#[3a]">EXTI9_5_IRQHandler</a> from startup_stm32h750xx.o(.text) referenced from startup_stm32h750xx.o(RESET)
 <LI><a href="#[36]">FDCAN1_IT0_IRQHandler</a> from startup_stm32h750xx.o(.text) referenced from startup_stm32h750xx.o(RESET)
 <LI><a href="#[38]">FDCAN1_IT1_IRQHandler</a> from startup_stm32h750xx.o(.text) referenced from startup_stm32h750xx.o(RESET)
 <LI><a href="#[37]">FDCAN2_IT0_IRQHandler</a> from startup_stm32h750xx.o(.text) referenced from startup_stm32h750xx.o(RESET)
 <LI><a href="#[39]">FDCAN2_IT1_IRQHandler</a> from startup_stm32h750xx.o(.text) referenced from startup_stm32h750xx.o(RESET)
 <LI><a href="#[61]">FDCAN_CAL_IRQHandler</a> from startup_stm32h750xx.o(.text) referenced from startup_stm32h750xx.o(RESET)
 <LI><a href="#[27]">FLASH_IRQHandler</a> from startup_stm32h750xx.o(.text) referenced from startup_stm32h750xx.o(RESET)
 <LI><a href="#[52]">FMC_IRQHandler</a> from startup_stm32h750xx.o(.text) referenced from startup_stm32h750xx.o(RESET)
 <LI><a href="#[6f]">FPU_IRQHandler</a> from startup_stm32h750xx.o(.text) referenced from startup_stm32h750xx.o(RESET)
 <LI><a href="#[6e]">HASH_RNG_IRQHandler</a> from startup_stm32h750xx.o(.text) referenced from startup_stm32h750xx.o(RESET)
 <LI><a href="#[8b]">HRTIM1_FLT_IRQHandler</a> from startup_stm32h750xx.o(.text) referenced from startup_stm32h750xx.o(RESET)
 <LI><a href="#[85]">HRTIM1_Master_IRQHandler</a> from startup_stm32h750xx.o(.text) referenced from startup_stm32h750xx.o(RESET)
 <LI><a href="#[86]">HRTIM1_TIMA_IRQHandler</a> from startup_stm32h750xx.o(.text) referenced from startup_stm32h750xx.o(RESET)
 <LI><a href="#[87]">HRTIM1_TIMB_IRQHandler</a> from startup_stm32h750xx.o(.text) referenced from startup_stm32h750xx.o(RESET)
 <LI><a href="#[88]">HRTIM1_TIMC_IRQHandler</a> from startup_stm32h750xx.o(.text) referenced from startup_stm32h750xx.o(RESET)
 <LI><a href="#[89]">HRTIM1_TIMD_IRQHandler</a> from startup_stm32h750xx.o(.text) referenced from startup_stm32h750xx.o(RESET)
 <LI><a href="#[8a]">HRTIM1_TIME_IRQHandler</a> from startup_stm32h750xx.o(.text) referenced from startup_stm32h750xx.o(RESET)
 <LI><a href="#[9a]">HSEM1_IRQHandler</a> from startup_stm32h750xx.o(.text) referenced from startup_stm32h750xx.o(RESET)
 <LI><a href="#[1b]">HardFault_Handler</a> from stm32h7xx_it.o(.text.HardFault_Handler) referenced from startup_stm32h750xx.o(RESET)
 <LI><a href="#[43]">I2C1_ER_IRQHandler</a> from startup_stm32h750xx.o(.text) referenced from startup_stm32h750xx.o(RESET)
 <LI><a href="#[42]">I2C1_EV_IRQHandler</a> from startup_stm32h750xx.o(.text) referenced from startup_stm32h750xx.o(RESET)
 <LI><a href="#[45]">I2C2_ER_IRQHandler</a> from startup_stm32h750xx.o(.text) referenced from startup_stm32h750xx.o(RESET)
 <LI><a href="#[44]">I2C2_EV_IRQHandler</a> from startup_stm32h750xx.o(.text) referenced from startup_stm32h750xx.o(RESET)
 <LI><a href="#[67]">I2C3_ER_IRQHandler</a> from startup_stm32h750xx.o(.text) referenced from startup_stm32h750xx.o(RESET)
 <LI><a href="#[66]">I2C3_EV_IRQHandler</a> from startup_stm32h750xx.o(.text) referenced from startup_stm32h750xx.o(RESET)
 <LI><a href="#[7e]">I2C4_ER_IRQHandler</a> from startup_stm32h750xx.o(.text) referenced from startup_stm32h750xx.o(RESET)
 <LI><a href="#[7d]">I2C4_EV_IRQHandler</a> from startup_stm32h750xx.o(.text) referenced from startup_stm32h750xx.o(RESET)
 <LI><a href="#[97]">JPEG_IRQHandler</a> from startup_stm32h750xx.o(.text) referenced from startup_stm32h750xx.o(RESET)
 <LI><a href="#[7b]">LPTIM1_IRQHandler</a> from startup_stm32h750xx.o(.text) referenced from startup_stm32h750xx.o(RESET)
 <LI><a href="#[a6]">LPTIM2_IRQHandler</a> from startup_stm32h750xx.o(.text) referenced from startup_stm32h750xx.o(RESET)
 <LI><a href="#[a7]">LPTIM3_IRQHandler</a> from startup_stm32h750xx.o(.text) referenced from startup_stm32h750xx.o(RESET)
 <LI><a href="#[a8]">LPTIM4_IRQHandler</a> from startup_stm32h750xx.o(.text) referenced from startup_stm32h750xx.o(RESET)
 <LI><a href="#[a9]">LPTIM5_IRQHandler</a> from startup_stm32h750xx.o(.text) referenced from startup_stm32h750xx.o(RESET)
 <LI><a href="#[aa]">LPUART1_IRQHandler</a> from startup_stm32h750xx.o(.text) referenced from startup_stm32h750xx.o(RESET)
 <LI><a href="#[77]">LTDC_ER_IRQHandler</a> from startup_stm32h750xx.o(.text) referenced from startup_stm32h750xx.o(RESET)
 <LI><a href="#[76]">LTDC_IRQHandler</a> from startup_stm32h750xx.o(.text) referenced from startup_stm32h750xx.o(RESET)
 <LI><a href="#[96]">MDIOS_IRQHandler</a> from startup_stm32h750xx.o(.text) referenced from startup_stm32h750xx.o(RESET)
 <LI><a href="#[95]">MDIOS_WKUP_IRQHandler</a> from startup_stm32h750xx.o(.text) referenced from startup_stm32h750xx.o(RESET)
 <LI><a href="#[98]">MDMA_IRQHandler</a> from startup_stm32h750xx.o(.text) referenced from startup_stm32h750xx.o(RESET)
 <LI><a href="#[1c]">MemManage_Handler</a> from stm32h7xx_it.o(.text.MemManage_Handler) referenced from startup_stm32h750xx.o(RESET)
 <LI><a href="#[1a]">NMI_Handler</a> from stm32h7xx_it.o(.text.NMI_Handler) referenced from startup_stm32h750xx.o(RESET)
 <LI><a href="#[81]">OTG_FS_EP1_IN_IRQHandler</a> from startup_stm32h750xx.o(.text) referenced from startup_stm32h750xx.o(RESET)
 <LI><a href="#[80]">OTG_FS_EP1_OUT_IRQHandler</a> from startup_stm32h750xx.o(.text) referenced from startup_stm32h750xx.o(RESET)
 <LI><a href="#[83]">OTG_FS_IRQHandler</a> from startup_stm32h750xx.o(.text) referenced from startup_stm32h750xx.o(RESET)
 <LI><a href="#[82]">OTG_FS_WKUP_IRQHandler</a> from startup_stm32h750xx.o(.text) referenced from startup_stm32h750xx.o(RESET)
 <LI><a href="#[69]">OTG_HS_EP1_IN_IRQHandler</a> from startup_stm32h750xx.o(.text) referenced from startup_stm32h750xx.o(RESET)
 <LI><a href="#[68]">OTG_HS_EP1_OUT_IRQHandler</a> from startup_stm32h750xx.o(.text) referenced from startup_stm32h750xx.o(RESET)
 <LI><a href="#[6b]">OTG_HS_IRQHandler</a> from startup_stm32h750xx.o(.text) referenced from startup_stm32h750xx.o(RESET)
 <LI><a href="#[6a]">OTG_HS_WKUP_IRQHandler</a> from startup_stm32h750xx.o(.text) referenced from startup_stm32h750xx.o(RESET)
 <LI><a href="#[24]">PVD_AVD_IRQHandler</a> from startup_stm32h750xx.o(.text) referenced from startup_stm32h750xx.o(RESET)
 <LI><a href="#[21]">PendSV_Handler</a> from stm32h7xx_it.o(.text.PendSV_Handler) referenced from startup_stm32h750xx.o(RESET)
 <LI><a href="#[7a]">QUADSPI_IRQHandler</a> from startup_stm32h750xx.o(.text) referenced from startup_stm32h750xx.o(RESET)
 <LI><a href="#[28]">RCC_IRQHandler</a> from startup_stm32h750xx.o(.text) referenced from startup_stm32h750xx.o(RESET)
 <LI><a href="#[4c]">RTC_Alarm_IRQHandler</a> from startup_stm32h750xx.o(.text) referenced from startup_stm32h750xx.o(RESET)
 <LI><a href="#[26]">RTC_WKUP_IRQHandler</a> from startup_stm32h750xx.o(.text) referenced from startup_stm32h750xx.o(RESET)
 <LI><a href="#[19]">Reset_Handler</a> from startup_stm32h750xx.o(.text) referenced from startup_stm32h750xx.o(RESET)
 <LI><a href="#[75]">SAI1_IRQHandler</a> from startup_stm32h750xx.o(.text) referenced from startup_stm32h750xx.o(RESET)
 <LI><a href="#[79]">SAI2_IRQHandler</a> from startup_stm32h750xx.o(.text) referenced from startup_stm32h750xx.o(RESET)
 <LI><a href="#[90]">SAI3_IRQHandler</a> from startup_stm32h750xx.o(.text) referenced from startup_stm32h750xx.o(RESET)
 <LI><a href="#[ad]">SAI4_IRQHandler</a> from startup_stm32h750xx.o(.text) referenced from startup_stm32h750xx.o(RESET)
 <LI><a href="#[53]">SDMMC1_IRQHandler</a> from startup_stm32h750xx.o(.text) referenced from startup_stm32h750xx.o(RESET)
 <LI><a href="#[99]">SDMMC2_IRQHandler</a> from startup_stm32h750xx.o(.text) referenced from startup_stm32h750xx.o(RESET)
 <LI><a href="#[7f]">SPDIF_RX_IRQHandler</a> from startup_stm32h750xx.o(.text) referenced from startup_stm32h750xx.o(RESET)
 <LI><a href="#[46]">SPI1_IRQHandler</a> from startup_stm32h750xx.o(.text) referenced from startup_stm32h750xx.o(RESET)
 <LI><a href="#[47]">SPI2_IRQHandler</a> from startup_stm32h750xx.o(.text) referenced from startup_stm32h750xx.o(RESET)
 <LI><a href="#[55]">SPI3_IRQHandler</a> from startup_stm32h750xx.o(.text) referenced from startup_stm32h750xx.o(RESET)
 <LI><a href="#[72]">SPI4_IRQHandler</a> from stm32h7xx_it.o(.text.SPI4_IRQHandler) referenced from startup_stm32h750xx.o(RESET)
 <LI><a href="#[73]">SPI5_IRQHandler</a> from startup_stm32h750xx.o(.text) referenced from startup_stm32h750xx.o(RESET)
 <LI><a href="#[74]">SPI6_IRQHandler</a> from startup_stm32h750xx.o(.text) referenced from startup_stm32h750xx.o(RESET)
 <LI><a href="#[b7]">SPI_DMAAbortOnError</a> from stm32h7xx_hal_spi.o(.text.SPI_DMAAbortOnError) referenced 2 times from stm32h7xx_hal_spi.o(.text.HAL_SPI_IRQHandler)
 <LI><a href="#[1]">ST7735_DeInit</a> from st7735.o(.text.ST7735_DeInit) referenced 2 times from st7735.o(.data.ST7735_LCD_Driver)
 <LI><a href="#[4]">ST7735_DisplayOff</a> from st7735.o(.text.ST7735_DisplayOff) referenced 2 times from st7735.o(.data.ST7735_LCD_Driver)
 <LI><a href="#[3]">ST7735_DisplayOn</a> from st7735.o(.text.ST7735_DisplayOn) referenced 2 times from st7735.o(.data.ST7735_LCD_Driver)
 <LI><a href="#[a]">ST7735_DrawBitmap</a> from st7735.o(.text.ST7735_DrawBitmap) referenced 2 times from st7735.o(.data.ST7735_LCD_Driver)
 <LI><a href="#[c]">ST7735_DrawHLine</a> from st7735.o(.text.ST7735_DrawHLine) referenced 2 times from st7735.o(.data.ST7735_LCD_Driver)
 <LI><a href="#[d]">ST7735_DrawVLine</a> from st7735.o(.text.ST7735_DrawVLine) referenced 2 times from st7735.o(.data.ST7735_LCD_Driver)
 <LI><a href="#[b]">ST7735_FillRGBRect</a> from st7735.o(.text.ST7735_FillRGBRect) referenced 2 times from st7735.o(.data.ST7735_LCD_Driver)
 <LI><a href="#[e]">ST7735_FillRect</a> from st7735.o(.text.ST7735_FillRect) referenced 2 times from st7735.o(.data.ST7735_LCD_Driver)
 <LI><a href="#[6]">ST7735_GetBrightness</a> from st7735.o(.text.ST7735_GetBrightness) referenced 2 times from st7735.o(.data.ST7735_LCD_Driver)
 <LI><a href="#[8]">ST7735_GetOrientation</a> from st7735.o(.text.ST7735_GetOrientation) referenced 2 times from st7735.o(.data.ST7735_LCD_Driver)
 <LI><a href="#[f]">ST7735_GetPixel</a> from st7735.o(.text.ST7735_GetPixel) referenced 2 times from st7735.o(.data.ST7735_LCD_Driver)
 <LI><a href="#[11]">ST7735_GetXSize</a> from st7735.o(.text.ST7735_GetXSize) referenced 2 times from st7735.o(.data.ST7735_LCD_Driver)
 <LI><a href="#[12]">ST7735_GetYSize</a> from st7735.o(.text.ST7735_GetYSize) referenced 2 times from st7735.o(.data.ST7735_LCD_Driver)
 <LI><a href="#[0]">ST7735_Init</a> from st7735.o(.text.ST7735_Init) referenced 2 times from st7735.o(.data.ST7735_LCD_Driver)
 <LI><a href="#[2]">ST7735_ReadID</a> from st7735.o(.text.ST7735_ReadID) referenced 2 times from st7735.o(.data.ST7735_LCD_Driver)
 <LI><a href="#[cc]">ST7735_ReadRegWrap</a> from st7735.o(.text.ST7735_ReadRegWrap) referenced 2 times from st7735.o(.text.ST7735_RegisterBusIO)
 <LI><a href="#[cf]">ST7735_RecvDataWrap</a> from st7735.o(.text.ST7735_RecvDataWrap) referenced 2 times from st7735.o(.text.ST7735_RegisterBusIO)
 <LI><a href="#[ce]">ST7735_SendDataWrap</a> from st7735.o(.text.ST7735_SendDataWrap) referenced 2 times from st7735.o(.text.ST7735_RegisterBusIO)
 <LI><a href="#[5]">ST7735_SetBrightness</a> from st7735.o(.text.ST7735_SetBrightness) referenced 2 times from st7735.o(.data.ST7735_LCD_Driver)
 <LI><a href="#[9]">ST7735_SetCursor</a> from st7735.o(.text.ST7735_SetCursor) referenced 2 times from st7735.o(.data.ST7735_LCD_Driver)
 <LI><a href="#[7]">ST7735_SetOrientation</a> from st7735.o(.text.ST7735_SetOrientation) referenced 2 times from st7735.o(.data.ST7735_LCD_Driver)
 <LI><a href="#[10]">ST7735_SetPixel</a> from st7735.o(.text.ST7735_SetPixel) referenced 2 times from st7735.o(.data.ST7735_LCD_Driver)
 <LI><a href="#[cd]">ST7735_WriteRegWrap</a> from st7735.o(.text.ST7735_WriteRegWrap) referenced 2 times from st7735.o(.text.ST7735_RegisterBusIO)
 <LI><a href="#[1f]">SVC_Handler</a> from stm32h7xx_it.o(.text.SVC_Handler) referenced from startup_stm32h750xx.o(RESET)
 <LI><a href="#[91]">SWPMI1_IRQHandler</a> from startup_stm32h750xx.o(.text) referenced from startup_stm32h750xx.o(RESET)
 <LI><a href="#[22]">SysTick_Handler</a> from stm32h7xx_it.o(.text.SysTick_Handler) referenced from startup_stm32h750xx.o(RESET)
 <LI><a href="#[af]">SystemInit</a> from system_stm32h7xx.o(.text.SystemInit) referenced from startup_stm32h750xx.o(.text)
 <LI><a href="#[25]">TAMP_STAMP_IRQHandler</a> from startup_stm32h750xx.o(.text) referenced from startup_stm32h750xx.o(RESET)
 <LI><a href="#[92]">TIM15_IRQHandler</a> from startup_stm32h750xx.o(.text) referenced from startup_stm32h750xx.o(RESET)
 <LI><a href="#[93]">TIM16_IRQHandler</a> from stm32h7xx_it.o(.text.TIM16_IRQHandler) referenced from startup_stm32h750xx.o(RESET)
 <LI><a href="#[94]">TIM17_IRQHandler</a> from startup_stm32h750xx.o(.text) referenced from startup_stm32h750xx.o(RESET)
 <LI><a href="#[3b]">TIM1_BRK_IRQHandler</a> from startup_stm32h750xx.o(.text) referenced from startup_stm32h750xx.o(RESET)
 <LI><a href="#[3e]">TIM1_CC_IRQHandler</a> from startup_stm32h750xx.o(.text) referenced from startup_stm32h750xx.o(RESET)
 <LI><a href="#[3d]">TIM1_TRG_COM_IRQHandler</a> from startup_stm32h750xx.o(.text) referenced from startup_stm32h750xx.o(RESET)
 <LI><a href="#[3c]">TIM1_UP_IRQHandler</a> from startup_stm32h750xx.o(.text) referenced from startup_stm32h750xx.o(RESET)
 <LI><a href="#[3f]">TIM2_IRQHandler</a> from startup_stm32h750xx.o(.text) referenced from startup_stm32h750xx.o(RESET)
 <LI><a href="#[40]">TIM3_IRQHandler</a> from startup_stm32h750xx.o(.text) referenced from startup_stm32h750xx.o(RESET)
 <LI><a href="#[41]">TIM4_IRQHandler</a> from startup_stm32h750xx.o(.text) referenced from startup_stm32h750xx.o(RESET)
 <LI><a href="#[54]">TIM5_IRQHandler</a> from startup_stm32h750xx.o(.text) referenced from startup_stm32h750xx.o(RESET)
 <LI><a href="#[58]">TIM6_DAC_IRQHandler</a> from startup_stm32h750xx.o(.text) referenced from startup_stm32h750xx.o(RESET)
 <LI><a href="#[59]">TIM7_IRQHandler</a> from startup_stm32h750xx.o(.text) referenced from startup_stm32h750xx.o(RESET)
 <LI><a href="#[4d]">TIM8_BRK_TIM12_IRQHandler</a> from startup_stm32h750xx.o(.text) referenced from startup_stm32h750xx.o(RESET)
 <LI><a href="#[50]">TIM8_CC_IRQHandler</a> from startup_stm32h750xx.o(.text) referenced from startup_stm32h750xx.o(RESET)
 <LI><a href="#[4f]">TIM8_TRG_COM_TIM14_IRQHandler</a> from startup_stm32h750xx.o(.text) referenced from startup_stm32h750xx.o(RESET)
 <LI><a href="#[4e]">TIM8_UP_TIM13_IRQHandler</a> from startup_stm32h750xx.o(.text) referenced from startup_stm32h750xx.o(RESET)
 <LI><a href="#[56]">UART4_IRQHandler</a> from startup_stm32h750xx.o(.text) referenced from startup_stm32h750xx.o(RESET)
 <LI><a href="#[57]">UART5_IRQHandler</a> from startup_stm32h750xx.o(.text) referenced from startup_stm32h750xx.o(RESET)
 <LI><a href="#[70]">UART7_IRQHandler</a> from startup_stm32h750xx.o(.text) referenced from startup_stm32h750xx.o(RESET)
 <LI><a href="#[71]">UART8_IRQHandler</a> from startup_stm32h750xx.o(.text) referenced from startup_stm32h750xx.o(RESET)
 <LI><a href="#[b8]">UART_DMAAbortOnError</a> from stm32h7xx_hal_uart.o(.text.UART_DMAAbortOnError) referenced 2 times from stm32h7xx_hal_uart.o(.text.HAL_UART_IRQHandler)
 <LI><a href="#[48]">USART1_IRQHandler</a> from stm32h7xx_it.o(.text.USART1_IRQHandler) referenced from startup_stm32h750xx.o(RESET)
 <LI><a href="#[49]">USART2_IRQHandler</a> from startup_stm32h750xx.o(.text) referenced from startup_stm32h750xx.o(RESET)
 <LI><a href="#[4a]">USART3_IRQHandler</a> from startup_stm32h750xx.o(.text) referenced from startup_stm32h750xx.o(RESET)
 <LI><a href="#[65]">USART6_IRQHandler</a> from startup_stm32h750xx.o(.text) referenced from startup_stm32h750xx.o(RESET)
 <LI><a href="#[1e]">UsageFault_Handler</a> from stm32h7xx_it.o(.text.UsageFault_Handler) referenced from startup_stm32h750xx.o(RESET)
 <LI><a href="#[ae]">WAKEUP_PIN_IRQHandler</a> from startup_stm32h750xx.o(.text) referenced from startup_stm32h750xx.o(RESET)
 <LI><a href="#[23]">WWDG_IRQHandler</a> from startup_stm32h750xx.o(.text) referenced from startup_stm32h750xx.o(RESET)
 <LI><a href="#[d4]">tflite::MulPrepare(TfLiteContext*, TfLiteNode*)</a> from mul_common.o(.text._ZN6tflite10MulPrepareEP13TfLiteContextP10TfLiteNode) referenced 2 times from mul.o(.text._ZN6tflite12Register_MULEv)
 <LI><a href="#[c2]">tflite::ParseShape(tflite::Operator const*, tflite::ErrorReporter*, tflite::BuiltinDataAllocator*, void**)</a> from flatbuffer_conversions.o(.text._ZN6tflite10ParseShapeEPKNS_8OperatorEPNS_13ErrorReporterEPNS_20BuiltinDataAllocatorEPPv) referenced 2 times from processmodel.o(.text.ProcessModelOutput_Init)
 <LI><a href="#[cb]">tflite::ParseSlice(tflite::Operator const*, tflite::ErrorReporter*, tflite::BuiltinDataAllocator*, void**)</a> from flatbuffer_conversions.o(.text._ZN6tflite10ParseSliceEPKNS_8OperatorEPNS_13ErrorReporterEPNS_20BuiltinDataAllocatorEPPv) referenced 2 times from processmodel.o(.text.ProcessModelOutput_Init)
 <LI><a href="#[ca]">tflite::ParseSplit(tflite::Operator const*, tflite::ErrorReporter*, tflite::BuiltinDataAllocator*, void**)</a> from flatbuffer_conversions.o(.text._ZN6tflite10ParseSplitEPKNS_8OperatorEPNS_13ErrorReporterEPNS_20BuiltinDataAllocatorEPPv) referenced 2 times from processmodel.o(.text.ProcessModelOutput_Init)
 <LI><a href="#[d1]">tflite::PrepareAdd(TfLiteContext*, TfLiteNode*)</a> from add.o(.text._ZN6tflite10PrepareAddEP13TfLiteContextP10TfLiteNode) referenced 2 times from add.o(.text._ZN6tflite12Register_ADDEv)
 <LI><a href="#[b9]">tflite::ParseConv2D(tflite::Operator const*, tflite::ErrorReporter*, tflite::BuiltinDataAllocator*, void**)</a> from flatbuffer_conversions.o(.text._ZN6tflite11ParseConv2DEPKNS_8OperatorEPNS_13ErrorReporterEPNS_20BuiltinDataAllocatorEPPv) referenced 2 times from processmodel.o(.text.ProcessModelOutput_Init)
 <LI><a href="#[c9]">tflite::ParseUnpack(tflite::Operator const*, tflite::ErrorReporter*, tflite::BuiltinDataAllocator*, void**)</a> from flatbuffer_conversions.o(.text._ZN6tflite11ParseUnpackEPKNS_8OperatorEPNS_13ErrorReporterEPNS_20BuiltinDataAllocatorEPPv) referenced 2 times from processmodel.o(.text.ProcessModelOutput_Init)
 <LI><a href="#[da]">tflite::ReluPrepare(TfLiteContext*, TfLiteNode*)</a> from activations_common.o(.text._ZN6tflite11ReluPrepareEP13TfLiteContextP10TfLiteNode) referenced 2 times from activations.o(.text._ZN6tflite13Register_RELUEv)
 <LI><a href="#[c1]">tflite::ParseReshape(tflite::Operator const*, tflite::ErrorReporter*, tflite::BuiltinDataAllocator*, void**)</a> from flatbuffer_conversions.o(.text._ZN6tflite12ParseReshapeEPKNS_8OperatorEPNS_13ErrorReporterEPNS_20BuiltinDataAllocatorEPPv) referenced 2 times from processmodel.o(.text.ProcessModelOutput_Init)
 <LI><a href="#[be]">tflite::ParseSoftmax(tflite::Operator const*, tflite::ErrorReporter*, tflite::BuiltinDataAllocator*, void**)</a> from flatbuffer_conversions.o(.text._ZN6tflite12ParseSoftmaxEPKNS_8OperatorEPNS_13ErrorReporterEPNS_20BuiltinDataAllocatorEPPv) referenced 2 times from processmodel.o(.text.ProcessModelOutput_Init)
 <LI><a href="#[ff]">tflite::(anonymous namespace)::MaxPrepare(TfLiteContext*, TfLiteNode*)</a> from pooling.o(.text._ZN6tflite12_GLOBAL__N_110MaxPrepareEP13TfLiteContextP10TfLiteNode) referenced 2 times from pooling.o(.text._ZN6tflite20Register_MAX_POOL_2DEv)
 <LI><a href="#[e6]">tflite::(anonymous namespace)::UnpackEval(TfLiteContext*, TfLiteNode*)</a> from unpack.o(.text._ZN6tflite12_GLOBAL__N_110UnpackEvalEP13TfLiteContextP10TfLiteNode) referenced 2 times from unpack.o(.text._ZN6tflite15Register_UNPACKEv)
 <LI><a href="#[108]">tflite::(anonymous namespace)::AverageEval(TfLiteContext*, TfLiteNode*)</a> from pooling.o(.text._ZN6tflite12_GLOBAL__N_111AverageEvalEP13TfLiteContextP10TfLiteNode) referenced 2 times from pooling.o(.text._ZN6tflite24Register_AVERAGE_POOL_2DEv)
 <LI><a href="#[f5]">tflite::(anonymous namespace)::SoftmaxEval(TfLiteContext*, TfLiteNode*)</a> from softmax.o(.text._ZN6tflite12_GLOBAL__N_111SoftmaxEvalEP13TfLiteContextP10TfLiteNode) referenced 2 times from softmax.o(.text._ZN6tflite16Register_SOFTMAXEv)
 <LI><a href="#[e0]">tflite::(anonymous namespace)::ShapePrepare(TfLiteContext*, TfLiteNode*)</a> from shape.o(.text._ZN6tflite12_GLOBAL__N_112ShapePrepareEP13TfLiteContextP10TfLiteNode) referenced 2 times from shape.o(.text._ZN6tflite14Register_SHAPEEv)
 <LI><a href="#[e2]">tflite::(anonymous namespace)::SlicePrepare(TfLiteContext*, TfLiteNode*)</a> from slice.o(.text._ZN6tflite12_GLOBAL__N_112SlicePrepareEP13TfLiteContextP10TfLiteNode) referenced 2 times from slice.o(.text._ZN6tflite14Register_SLICEEv)
 <LI><a href="#[e4]">tflite::(anonymous namespace)::SplitPrepare(TfLiteContext*, TfLiteNode*)</a> from split.o(.text._ZN6tflite12_GLOBAL__N_112SplitPrepareEP13TfLiteContextP10TfLiteNode) referenced 2 times from split.o(.text._ZN6tflite14Register_SPLITEv)
 <LI><a href="#[fa]">tflite::(anonymous namespace)::TransposeEval(TfLiteContext*, TfLiteNode*)</a> from transpose.o(.text._ZN6tflite12_GLOBAL__N_113TransposeEvalEP13TfLiteContextP10TfLiteNode) referenced 2 times from transpose.o(.text._ZN6tflite18Register_TRANSPOSEEv)
 <LI><a href="#[107]">tflite::(anonymous namespace)::AveragePrepare(TfLiteContext*, TfLiteNode*)</a> from pooling.o(.text._ZN6tflite12_GLOBAL__N_114AveragePrepareEP13TfLiteContextP10TfLiteNode) referenced 2 times from pooling.o(.text._ZN6tflite24Register_AVERAGE_POOL_2DEv)
 <LI><a href="#[106]">tflite::(anonymous namespace)::StridedSliceEval(TfLiteContext*, TfLiteNode*)</a> from strided_slice.o(.text._ZN6tflite12_GLOBAL__N_116StridedSliceEvalEP13TfLiteContextP10TfLiteNode) referenced 2 times from strided_slice.o(.text._ZN6tflite22Register_STRIDED_SLICEEv)
 <LI><a href="#[f9]">tflite::(anonymous namespace)::TransposePrepare(TfLiteContext*, TfLiteNode*)</a> from transpose.o(.text._ZN6tflite12_GLOBAL__N_116TransposePrepareEP13TfLiteContextP10TfLiteNode) referenced 2 times from transpose.o(.text._ZN6tflite18Register_TRANSPOSEEv)
 <LI><a href="#[103]">tflite::(anonymous namespace)::ConcatenationEval(TfLiteContext*, TfLiteNode*)</a> from concatenation.o(.text._ZN6tflite12_GLOBAL__N_117ConcatenationEvalEP13TfLiteContextP10TfLiteNode) referenced 2 times from concatenation.o(.text._ZN6tflite22Register_CONCATENATIONEv)
 <LI><a href="#[101]">tflite::(anonymous namespace)::ConcatenationInit(TfLiteContext*, char const*, unsigned int)</a> from concatenation.o(.text._ZN6tflite12_GLOBAL__N_117ConcatenationInitEP13TfLiteContextPKcj) referenced 2 times from concatenation.o(.text._ZN6tflite22Register_CONCATENATIONEv)
 <LI><a href="#[102]">tflite::(anonymous namespace)::ConcatenationPrepare(TfLiteContext*, TfLiteNode*)</a> from concatenation.o(.text._ZN6tflite12_GLOBAL__N_120ConcatenationPrepareEP13TfLiteContextP10TfLiteNode) referenced 2 times from concatenation.o(.text._ZN6tflite22Register_CONCATENATIONEv)
 <LI><a href="#[f2]">tflite::(anonymous namespace)::EvalReshapeReference(TfLiteContext*, TfLiteNode*)</a> from reshape.o(.text._ZN6tflite12_GLOBAL__N_120EvalReshapeReferenceEP13TfLiteContextP10TfLiteNode) referenced 2 times from reshape.o(.text._ZN6tflite16Register_RESHAPEEv)
 <LI><a href="#[f6]">tflite::(anonymous namespace)::InitQuantizeReference(TfLiteContext*, char const*, unsigned int)</a> from quantize.o(.text._ZN6tflite12_GLOBAL__N_121InitQuantizeReferenceEP13TfLiteContextPKcj) referenced 2 times from quantize.o(.text._ZN6tflite17Register_QUANTIZEEv)
 <LI><a href="#[dd]">tflite::(anonymous namespace)::MicroBuiltinDataAllocator::Deallocate(void*)</a> from micro_allocator.o(.text._ZN6tflite12_GLOBAL__N_125MicroBuiltinDataAllocator10DeallocateEPv) referenced from micro_allocator.o(.text._ZN6tflite14MicroAllocator20StartModelAllocationEPKNS_5ModelE)
 <LI><a href="#[dc]">tflite::(anonymous namespace)::MicroBuiltinDataAllocator::Allocate(unsigned int, unsigned int)</a> from micro_allocator.o(.text._ZN6tflite12_GLOBAL__N_125MicroBuiltinDataAllocator8AllocateEjj) referenced from micro_allocator.o(.text._ZN6tflite14MicroAllocator20StartModelAllocationEPKNS_5ModelE)
 <LI><a href="#[df]">tflite::(anonymous namespace)::MicroBuiltinDataAllocator::~MicroBuiltinDataAllocator__deallocating()</a> from micro_allocator.o(.text._ZN6tflite12_GLOBAL__N_125MicroBuiltinDataAllocatorD0Ev) referenced from micro_allocator.o(.text._ZN6tflite14MicroAllocator20StartModelAllocationEPKNS_5ModelE)
 <LI><a href="#[f0]">tflite::(anonymous namespace)::Eval(TfLiteContext*, TfLiteNode*)</a> from conv.o(.text._ZN6tflite12_GLOBAL__N_14EvalEP13TfLiteContextP10TfLiteNode) referenced 2 times from conv.o(.text._ZN6tflite16Register_CONV_2DEv)
 <LI><a href="#[10b]">tflite::(anonymous namespace)::Eval(TfLiteContext*, TfLiteNode*)</a> from fully_connected.o(.text._ZN6tflite12_GLOBAL__N_14EvalEP13TfLiteContextP10TfLiteNode) referenced 2 times from fully_connected.o(.text._ZN6tflite24Register_FULLY_CONNECTEDEv)
 <LI><a href="#[10e]">tflite::(anonymous namespace)::Eval(TfLiteContext*, TfLiteNode*)</a> from depthwise_conv.o(.text._ZN6tflite12_GLOBAL__N_14EvalEP13TfLiteContextP10TfLiteNode) referenced 2 times from depthwise_conv.o(.text._ZN6tflite26Register_DEPTHWISE_CONV_2DEv)
 <LI><a href="#[ee]">tflite::(anonymous namespace)::Init(TfLiteContext*, char const*, unsigned int)</a> from conv.o(.text._ZN6tflite12_GLOBAL__N_14InitEP13TfLiteContextPKcj) referenced 2 times from conv.o(.text._ZN6tflite16Register_CONV_2DEv)
 <LI><a href="#[f3]">tflite::(anonymous namespace)::Init(TfLiteContext*, char const*, unsigned int)</a> from softmax.o(.text._ZN6tflite12_GLOBAL__N_14InitEP13TfLiteContextPKcj) referenced 2 times from softmax.o(.text._ZN6tflite16Register_SOFTMAXEv)
 <LI><a href="#[fe]">tflite::(anonymous namespace)::Init(TfLiteContext*, char const*, unsigned int)</a> from pooling.o(.text._ZN6tflite12_GLOBAL__N_14InitEP13TfLiteContextPKcj) referenced 2 times from pooling.o(.text._ZN6tflite20Register_MAX_POOL_2DEv)
 <LI><a href="#[fe]">tflite::(anonymous namespace)::Init(TfLiteContext*, char const*, unsigned int)</a> from pooling.o(.text._ZN6tflite12_GLOBAL__N_14InitEP13TfLiteContextPKcj) referenced 2 times from pooling.o(.text._ZN6tflite24Register_AVERAGE_POOL_2DEv)
 <LI><a href="#[109]">tflite::(anonymous namespace)::Init(TfLiteContext*, char const*, unsigned int)</a> from fully_connected.o(.text._ZN6tflite12_GLOBAL__N_14InitEP13TfLiteContextPKcj) referenced 2 times from fully_connected.o(.text._ZN6tflite24Register_FULLY_CONNECTEDEv)
 <LI><a href="#[10c]">tflite::(anonymous namespace)::Init(TfLiteContext*, char const*, unsigned int)</a> from depthwise_conv.o(.text._ZN6tflite12_GLOBAL__N_14InitEP13TfLiteContextPKcj) referenced 2 times from depthwise_conv.o(.text._ZN6tflite26Register_DEPTHWISE_CONV_2DEv)
 <LI><a href="#[100]">tflite::(anonymous namespace)::MaxEval(TfLiteContext*, TfLiteNode*)</a> from pooling.o(.text._ZN6tflite12_GLOBAL__N_17MaxEvalEP13TfLiteContextP10TfLiteNode) referenced 2 times from pooling.o(.text._ZN6tflite20Register_MAX_POOL_2DEv)
 <LI><a href="#[ef]">tflite::(anonymous namespace)::Prepare(TfLiteContext*, TfLiteNode*)</a> from conv.o(.text._ZN6tflite12_GLOBAL__N_17PrepareEP13TfLiteContextP10TfLiteNode) referenced 2 times from conv.o(.text._ZN6tflite16Register_CONV_2DEv)
 <LI><a href="#[f4]">tflite::(anonymous namespace)::Prepare(TfLiteContext*, TfLiteNode*)</a> from softmax.o(.text._ZN6tflite12_GLOBAL__N_17PrepareEP13TfLiteContextP10TfLiteNode) referenced 2 times from softmax.o(.text._ZN6tflite16Register_SOFTMAXEv)
 <LI><a href="#[10a]">tflite::(anonymous namespace)::Prepare(TfLiteContext*, TfLiteNode*)</a> from fully_connected.o(.text._ZN6tflite12_GLOBAL__N_17PrepareEP13TfLiteContextP10TfLiteNode) referenced 2 times from fully_connected.o(.text._ZN6tflite24Register_FULLY_CONNECTEDEv)
 <LI><a href="#[10d]">tflite::(anonymous namespace)::Prepare(TfLiteContext*, TfLiteNode*)</a> from depthwise_conv.o(.text._ZN6tflite12_GLOBAL__N_17PrepareEP13TfLiteContextP10TfLiteNode) referenced 2 times from depthwise_conv.o(.text._ZN6tflite26Register_DEPTHWISE_CONV_2DEv)
 <LI><a href="#[d8]">tflite::(anonymous namespace)::PackEval(TfLiteContext*, TfLiteNode*)</a> from pack.o(.text._ZN6tflite12_GLOBAL__N_18PackEvalEP13TfLiteContextP10TfLiteNode) referenced 2 times from pack.o(.text._ZN6tflite13Register_PACKEv)
 <LI><a href="#[db]">tflite::(anonymous namespace)::ReluEval(TfLiteContext*, TfLiteNode*)</a> from activations.o(.text._ZN6tflite12_GLOBAL__N_18ReluEvalEP13TfLiteContextP10TfLiteNode) referenced 2 times from activations.o(.text._ZN6tflite13Register_RELUEv)
 <LI><a href="#[d9]">tflite::(anonymous namespace)::ReluInit(TfLiteContext*, char const*, unsigned int)</a> from activations.o(.text._ZN6tflite12_GLOBAL__N_18ReluInitEP13TfLiteContextPKcj) referenced 2 times from activations.o(.text._ZN6tflite13Register_RELUEv)
 <LI><a href="#[e1]">tflite::(anonymous namespace)::ShapeEval(TfLiteContext*, TfLiteNode*)</a> from shape.o(.text._ZN6tflite12_GLOBAL__N_19ShapeEvalEP13TfLiteContextP10TfLiteNode) referenced 2 times from shape.o(.text._ZN6tflite14Register_SHAPEEv)
 <LI><a href="#[e3]">tflite::(anonymous namespace)::SliceEval(TfLiteContext*, TfLiteNode*)</a> from slice.o(.text._ZN6tflite12_GLOBAL__N_19SliceEvalEP13TfLiteContextP10TfLiteNode) referenced 2 times from slice.o(.text._ZN6tflite14Register_SLICEEv)
 <LI><a href="#[e5]">tflite::(anonymous namespace)::SplitEval(TfLiteContext*, TfLiteNode*)</a> from split.o(.text._ZN6tflite12_GLOBAL__N_19SplitEvalEP13TfLiteContextP10TfLiteNode) referenced 2 times from split.o(.text._ZN6tflite14Register_SPLITEv)
 <LI><a href="#[120]">tflite::ErrorReporter::~ErrorReporter__sub_object()</a> from micro_error_reporter.o(.text._ZN6tflite13ErrorReporterD2Ev) referenced from micro_error_reporter.o(.rodata._ZTVN6tflite18MicroErrorReporterE)
 <LI><a href="#[bf]">tflite::ParseQuantize(tflite::Operator const*, tflite::ErrorReporter*, tflite::BuiltinDataAllocator*, void**)</a> from flatbuffer_conversions.o(.text._ZN6tflite13ParseQuantizeEPKNS_8OperatorEPNS_13ErrorReporterEPNS_20BuiltinDataAllocatorEPPv) referenced 2 times from processmodel.o(.text.ProcessModelOutput_Init)
 <LI><a href="#[fd]">tflite::DequantizeEval(TfLiteContext*, TfLiteNode*)</a> from dequantize.o(.text._ZN6tflite14DequantizeEvalEP13TfLiteContextP10TfLiteNode) referenced 2 times from dequantize.o(.text._ZN6tflite19Register_DEQUANTIZEEv)
 <LI><a href="#[fb]">tflite::DequantizeInit(TfLiteContext*, char const*, unsigned int)</a> from dequantize.o(.text._ZN6tflite14DequantizeInitEP13TfLiteContextPKcj) referenced 2 times from dequantize.o(.text._ZN6tflite19Register_DEQUANTIZEEv)
 <LI><a href="#[11b]">tflite::MicroAllocator::AllocateVariables(tflite::SubGraph const*, TfLiteEvalTensor*, int const*)</a> from micro_allocator.o(.text._ZN6tflite14MicroAllocator17AllocateVariablesEPKNS_8SubGraphEP16TfLiteEvalTensorPKi) referenced from micro_allocator.o(.rodata._ZTVN6tflite14MicroAllocatorE)
 <LI><a href="#[112]">tflite::MicroAllocator::AllocateTempBuffer(unsigned int, unsigned int)</a> from micro_allocator.o(.text._ZN6tflite14MicroAllocator18AllocateTempBufferEjj) referenced from micro_allocator.o(.rodata._ZTVN6tflite14MicroAllocatorE)
 <LI><a href="#[113]">tflite::MicroAllocator::DeallocateTempBuffer(unsigned char*)</a> from micro_allocator.o(.text._ZN6tflite14MicroAllocator20DeallocateTempBufferEPh) referenced from micro_allocator.o(.rodata._ZTVN6tflite14MicroAllocatorE)
 <LI><a href="#[115]">tflite::MicroAllocator::IsAllTempDeallocated()</a> from micro_allocator.o(.text._ZN6tflite14MicroAllocator20IsAllTempDeallocatedEv) referenced from micro_allocator.o(.rodata._ZTVN6tflite14MicroAllocatorE)
 <LI><a href="#[114]">tflite::MicroAllocator::ResetTempAllocations()</a> from micro_allocator.o(.text._ZN6tflite14MicroAllocator20ResetTempAllocationsEv) referenced from micro_allocator.o(.rodata._ZTVN6tflite14MicroAllocatorE)
 <LI><a href="#[11e]">tflite::MicroAllocator::CommitStaticMemoryPlan(tflite::Model const*, tflite::SubgraphAllocations*, tflite::ScratchBufferHandle*)</a> from micro_allocator.o(.text._ZN6tflite14MicroAllocator22CommitStaticMemoryPlanEPKNS_5ModelEPNS_19SubgraphAllocationsEPNS_19ScratchBufferHandleE) referenced from micro_allocator.o(.rodata._ZTVN6tflite14MicroAllocatorE)
 <LI><a href="#[116]">tflite::MicroAllocator::AllocatePersistentBuffer(unsigned int)</a> from micro_allocator.o(.text._ZN6tflite14MicroAllocator24AllocatePersistentBufferEj) referenced from micro_allocator.o(.rodata._ZTVN6tflite14MicroAllocatorE)
 <LI><a href="#[110]">tflite::MicroAllocator::AllocateTempTfLiteTensor(tflite::Model const*, tflite::SubgraphAllocations const*, int, int)</a> from micro_allocator.o(.text._ZN6tflite14MicroAllocator24AllocateTempTfLiteTensorEPKNS_5ModelEPKNS_19SubgraphAllocationsEii) referenced from micro_allocator.o(.rodata._ZTVN6tflite14MicroAllocatorE)
 <LI><a href="#[11a]">tflite::MicroAllocator::AllocateTfLiteEvalTensors(tflite::Model const*, tflite::SubgraphAllocations*)</a> from micro_allocator.o(.text._ZN6tflite14MicroAllocator25AllocateTfLiteEvalTensorsEPKNS_5ModelEPNS_19SubgraphAllocationsE) referenced from micro_allocator.o(.rodata._ZTVN6tflite14MicroAllocatorE)
 <LI><a href="#[111]">tflite::MicroAllocator::DeallocateTempTfLiteTensor(TfLiteTensor*)</a> from micro_allocator.o(.text._ZN6tflite14MicroAllocator26DeallocateTempTfLiteTensorEP12TfLiteTensor) referenced from micro_allocator.o(.rodata._ZTVN6tflite14MicroAllocatorE)
 <LI><a href="#[119]">tflite::MicroAllocator::AllocateNodeAndRegistrations(tflite::Model const*, tflite::SubgraphAllocations*)</a> from micro_allocator.o(.text._ZN6tflite14MicroAllocator28AllocateNodeAndRegistrationsEPKNS_5ModelEPNS_19SubgraphAllocationsE) referenced from micro_allocator.o(.rodata._ZTVN6tflite14MicroAllocatorE)
 <LI><a href="#[11f]">tflite::MicroAllocator::AllocateScratchBufferHandles(tflite::ScratchBufferHandle**, unsigned int)</a> from micro_allocator.o(.text._ZN6tflite14MicroAllocator28AllocateScratchBufferHandlesEPPNS_19ScratchBufferHandleEj) referenced from micro_allocator.o(.rodata._ZTVN6tflite14MicroAllocatorE)
 <LI><a href="#[10f]">tflite::MicroAllocator::AllocatePersistentTfLiteTensor(tflite::Model const*, tflite::SubgraphAllocations const*, int, int)</a> from micro_allocator.o(.text._ZN6tflite14MicroAllocator30AllocatePersistentTfLiteTensorEPKNS_5ModelEPKNS_19SubgraphAllocationsEii) referenced from micro_allocator.o(.rodata._ZTVN6tflite14MicroAllocatorE)
 <LI><a href="#[11d]">tflite::MicroAllocator::PopulateTfLiteTensorFromFlatbuffer(tflite::Model const*, TfLiteTensor*, int, int, bool)</a> from micro_allocator.o(.text._ZN6tflite14MicroAllocator34PopulateTfLiteTensorFromFlatbufferEPKNS_5ModelEP12TfLiteTensoriib) referenced from micro_allocator.o(.rodata._ZTVN6tflite14MicroAllocatorE)
 <LI><a href="#[11c]">tflite::MicroAllocator::AllocatePersistentTfLiteTensorInternal()</a> from micro_allocator.o(.text._ZN6tflite14MicroAllocator38AllocatePersistentTfLiteTensorInternalEv) referenced from micro_allocator.o(.rodata._ZTVN6tflite14MicroAllocatorE)
 <LI><a href="#[118]">tflite::MicroAllocator::~MicroAllocator__deallocating()</a> from micro_allocator.o(.text._ZN6tflite14MicroAllocatorD0Ev) referenced from micro_allocator.o(.rodata._ZTVN6tflite14MicroAllocatorE)
 <LI><a href="#[117]">tflite::MicroAllocator::~MicroAllocator__sub_object()</a> from micro_allocator.o(.text._ZN6tflite14MicroAllocatorD2Ev) referenced from micro_allocator.o(.rodata._ZTVN6tflite14MicroAllocatorE)
 <LI><a href="#[c3]">tflite::ParseTranspose(tflite::Operator const*, tflite::ErrorReporter*, tflite::BuiltinDataAllocator*, void**)</a> from flatbuffer_conversions.o(.text._ZN6tflite14ParseTransposeEPKNS_8OperatorEPNS_13ErrorReporterEPNS_20BuiltinDataAllocatorEPPv) referenced 2 times from processmodel.o(.text.ProcessModelOutput_Init)
 <LI><a href="#[148]">tflite::MicroOpResolver::~MicroOpResolver__sub_object()</a> from processmodel.o(.text._ZN6tflite15MicroOpResolverD2Ev) referenced from processmodel.o(.rodata._ZTVN6tflite22MicroMutableOpResolverILj64EEE)
 <LI><a href="#[c0]">tflite::ParseDequantize(tflite::Operator const*, tflite::ErrorReporter*, tflite::BuiltinDataAllocator*, void**)</a> from flatbuffer_conversions.o(.text._ZN6tflite15ParseDequantizeEPKNS_8OperatorEPNS_13ErrorReporterEPNS_20BuiltinDataAllocatorEPPv) referenced 2 times from processmodel.o(.text.ProcessModelOutput_Init)
 <LI><a href="#[104]">tflite::StridedSliceInit(TfLiteContext*, char const*, unsigned int)</a> from strided_slice_common.o(.text._ZN6tflite16StridedSliceInitEP13TfLiteContextPKcj) referenced 2 times from strided_slice.o(.text._ZN6tflite22Register_STRIDED_SLICEEv)
 <LI><a href="#[fc]">tflite::DequantizePrepare(TfLiteContext*, TfLiteNode*)</a> from dequantize_common.o(.text._ZN6tflite17DequantizePrepareEP13TfLiteContextP10TfLiteNode) referenced 2 times from dequantize.o(.text._ZN6tflite19Register_DEQUANTIZEEv)
 <LI><a href="#[c7]">tflite::ParseStridedSlice(tflite::Operator const*, tflite::ErrorReporter*, tflite::BuiltinDataAllocator*, void**)</a> from flatbuffer_conversions.o(.text._ZN6tflite17ParseStridedSliceEPKNS_8OperatorEPNS_13ErrorReporterEPNS_20BuiltinDataAllocatorEPPv) referenced 2 times from processmodel.o(.text.ProcessModelOutput_Init)
 <LI><a href="#[122]">tflite::MicroErrorReporter::Report(char const*, std::__va_list)</a> from micro_error_reporter.o(.text._ZN6tflite18MicroErrorReporter6ReportEPKcSt9__va_list) referenced from micro_error_reporter.o(.rodata._ZTVN6tflite18MicroErrorReporterE)
 <LI><a href="#[121]">tflite::MicroErrorReporter::~MicroErrorReporter__deallocating()</a> from micro_error_reporter.o(.text._ZN6tflite18MicroErrorReporterD0Ev) referenced from micro_error_reporter.o(.rodata._ZTVN6tflite18MicroErrorReporterE)
 <LI><a href="#[136]">tflite::MicroMemoryPlanner::PrintMemoryPlan()</a> from linear_memory_planner.o(.text._ZN6tflite18MicroMemoryPlanner15PrintMemoryPlanEv) referenced from linear_memory_planner.o(.rodata._ZTVN6tflite19LinearMemoryPlannerE)
 <LI><a href="#[134]">tflite::MicroMemoryPlanner::Init(unsigned char*, int)</a> from linear_memory_planner.o(.text._ZN6tflite18MicroMemoryPlanner4InitEPhi) referenced from linear_memory_planner.o(.rodata._ZTVN6tflite19LinearMemoryPlannerE)
 <LI><a href="#[130]">tflite::MicroMemoryPlanner::AddBuffer(int, int, int, int)</a> from linear_memory_planner.o(.text._ZN6tflite18MicroMemoryPlanner9AddBufferEiiii) referenced from linear_memory_planner.o(.rodata._ZTVN6tflite19LinearMemoryPlannerE)
 <LI><a href="#[c4]">tflite::ParseConcatenation(tflite::Operator const*, tflite::ErrorReporter*, tflite::BuiltinDataAllocator*, void**)</a> from flatbuffer_conversions.o(.text._ZN6tflite18ParseConcatenationEPKNS_8OperatorEPNS_13ErrorReporterEPNS_20BuiltinDataAllocatorEPPv) referenced 2 times from processmodel.o(.text.ProcessModelOutput_Init)
 <LI><a href="#[128]">tflite::GreedyMemoryPlanner::GetBufferCount()</a> from greedy_memory_planner.o(.text._ZN6tflite19GreedyMemoryPlanner14GetBufferCountEv) referenced from greedy_memory_planner.o(.rodata._ZTVN6tflite19GreedyMemoryPlannerE)
 <LI><a href="#[12c]">tflite::GreedyMemoryPlanner::PrintMemoryPlan()</a> from greedy_memory_planner.o(.text._ZN6tflite19GreedyMemoryPlanner15PrintMemoryPlanEv) referenced from greedy_memory_planner.o(.rodata._ZTVN6tflite19GreedyMemoryPlannerE)
 <LI><a href="#[129]">tflite::GreedyMemoryPlanner::GetOffsetForBuffer(int, int*)</a> from greedy_memory_planner.o(.text._ZN6tflite19GreedyMemoryPlanner18GetOffsetForBufferEiPi) referenced from greedy_memory_planner.o(.rodata._ZTVN6tflite19GreedyMemoryPlannerE)
 <LI><a href="#[127]">tflite::GreedyMemoryPlanner::GetMaximumMemorySize()</a> from greedy_memory_planner.o(.text._ZN6tflite19GreedyMemoryPlanner20GetMaximumMemorySizeEv) referenced from greedy_memory_planner.o(.rodata._ZTVN6tflite19GreedyMemoryPlannerE)
 <LI><a href="#[12a]">tflite::GreedyMemoryPlanner::Init(unsigned char*, int)</a> from greedy_memory_planner.o(.text._ZN6tflite19GreedyMemoryPlanner4InitEPhi) referenced from greedy_memory_planner.o(.rodata._ZTVN6tflite19GreedyMemoryPlannerE)
 <LI><a href="#[125]">tflite::GreedyMemoryPlanner::AddBuffer(int, int, int)</a> from greedy_memory_planner.o(.text._ZN6tflite19GreedyMemoryPlanner9AddBufferEiii) referenced from greedy_memory_planner.o(.rodata._ZTVN6tflite19GreedyMemoryPlannerE)
 <LI><a href="#[126]">tflite::GreedyMemoryPlanner::AddBuffer(int, int, int, int)</a> from greedy_memory_planner.o(.text._ZN6tflite19GreedyMemoryPlanner9AddBufferEiiii) referenced from greedy_memory_planner.o(.rodata._ZTVN6tflite19GreedyMemoryPlannerE)
 <LI><a href="#[124]">tflite::GreedyMemoryPlanner::~GreedyMemoryPlanner__deallocating()</a> from greedy_memory_planner.o(.text._ZN6tflite19GreedyMemoryPlannerD0Ev) referenced from greedy_memory_planner.o(.rodata._ZTVN6tflite19GreedyMemoryPlannerE)
 <LI><a href="#[123]">tflite::GreedyMemoryPlanner::~GreedyMemoryPlanner__sub_object()</a> from greedy_memory_planner.o(.text._ZN6tflite19GreedyMemoryPlannerD2Ev) referenced from greedy_memory_planner.o(.rodata._ZTVN6tflite19GreedyMemoryPlannerE)
 <LI><a href="#[132]">tflite::LinearMemoryPlanner::GetBufferCount()</a> from linear_memory_planner.o(.text._ZN6tflite19LinearMemoryPlanner14GetBufferCountEv) referenced from linear_memory_planner.o(.rodata._ZTVN6tflite19LinearMemoryPlannerE)
 <LI><a href="#[133]">tflite::LinearMemoryPlanner::GetOffsetForBuffer(int, int*)</a> from linear_memory_planner.o(.text._ZN6tflite19LinearMemoryPlanner18GetOffsetForBufferEiPi) referenced from linear_memory_planner.o(.rodata._ZTVN6tflite19LinearMemoryPlannerE)
 <LI><a href="#[131]">tflite::LinearMemoryPlanner::GetMaximumMemorySize()</a> from linear_memory_planner.o(.text._ZN6tflite19LinearMemoryPlanner20GetMaximumMemorySizeEv) referenced from linear_memory_planner.o(.rodata._ZTVN6tflite19LinearMemoryPlannerE)
 <LI><a href="#[12f]">tflite::LinearMemoryPlanner::AddBuffer(int, int, int)</a> from linear_memory_planner.o(.text._ZN6tflite19LinearMemoryPlanner9AddBufferEiii) referenced from linear_memory_planner.o(.rodata._ZTVN6tflite19LinearMemoryPlannerE)
 <LI><a href="#[12e]">tflite::LinearMemoryPlanner::~LinearMemoryPlanner__deallocating()</a> from linear_memory_planner.o(.text._ZN6tflite19LinearMemoryPlannerD0Ev) referenced from linear_memory_planner.o(.rodata._ZTVN6tflite19LinearMemoryPlannerE)
 <LI><a href="#[12d]">tflite::LinearMemoryPlanner::~LinearMemoryPlanner__sub_object()</a> from linear_memory_planner.o(.text._ZN6tflite19LinearMemoryPlannerD2Ev) referenced from linear_memory_planner.o(.rodata._ZTVN6tflite19LinearMemoryPlannerE)
 <LI><a href="#[bc]">tflite::ParseFullyConnected(tflite::Operator const*, tflite::ErrorReporter*, tflite::BuiltinDataAllocator*, void**)</a> from flatbuffer_conversions.o(.text._ZN6tflite19ParseFullyConnectedEPKNS_8OperatorEPNS_13ErrorReporterEPNS_20BuiltinDataAllocatorEPPv) referenced 2 times from processmodel.o(.text.ProcessModelOutput_Init)
 <LI><a href="#[105]">tflite::StridedSlicePrepare(TfLiteContext*, TfLiteNode*)</a> from strided_slice_common.o(.text._ZN6tflite19StridedSlicePrepareEP13TfLiteContextP10TfLiteNode) referenced 2 times from strided_slice.o(.text._ZN6tflite22Register_STRIDED_SLICEEv)
 <LI><a href="#[de]">tflite::BuiltinDataAllocator::~BuiltinDataAllocator__sub_object()</a> from micro_allocator.o(.text._ZN6tflite20BuiltinDataAllocatorD2Ev) referenced from micro_allocator.o(.text._ZN6tflite14MicroAllocator20StartModelAllocationEPKNS_5ModelE)
 <LI><a href="#[ba]">tflite::ParseDepthwiseConv2D(tflite::Operator const*, tflite::ErrorReporter*, tflite::BuiltinDataAllocator*, void**)</a> from flatbuffer_conversions.o(.text._ZN6tflite20ParseDepthwiseConv2DEPKNS_8OperatorEPNS_13ErrorReporterEPNS_20BuiltinDataAllocatorEPPv) referenced 2 times from processmodel.o(.text.ProcessModelOutput_Init)
 <LI><a href="#[f8]">tflite::EvalQuantizeReference(TfLiteContext*, TfLiteNode*)</a> from quantize_common.o(.text._ZN6tflite21EvalQuantizeReferenceEP13TfLiteContextP10TfLiteNode) referenced 2 times from quantize.o(.text._ZN6tflite17Register_QUANTIZEEv)
 <LI><a href="#[e9]">tflite::MicroContextGetTensor(TfLiteContext const*, int)</a> from kernel_runner.o(.text._ZN6tflite21MicroContextGetTensorEPK13TfLiteContexti) referenced 2 times from micro_interpreter.o(.text._ZN6tflite16MicroInterpreterC2EPKNS_5ModelERKNS_15MicroOpResolverEPhjPNS_22MicroResourceVariablesEPNS_22MicroProfilerInterfaceEb)
 <LI><a href="#[13e]">tflite::MicroInterpreterGraph::NumSubgraphs()</a> from micro_interpreter_graph.o(.text._ZN6tflite21MicroInterpreterGraph12NumSubgraphsEv) referenced from micro_interpreter_graph.o(.rodata._ZTVN6tflite21MicroInterpreterGraphE)
 <LI><a href="#[143]">tflite::MicroInterpreterGraph::FreeSubgraphs()</a> from micro_interpreter_graph.o(.text._ZN6tflite21MicroInterpreterGraph13FreeSubgraphsEv) referenced from micro_interpreter_graph.o(.rodata._ZTVN6tflite21MicroInterpreterGraphE)
 <LI><a href="#[140]">tflite::MicroInterpreterGraph::InitSubgraphs()</a> from micro_interpreter_graph.o(.text._ZN6tflite21MicroInterpreterGraph13InitSubgraphsEv) referenced from micro_interpreter_graph.o(.rodata._ZTVN6tflite21MicroInterpreterGraphE)
 <LI><a href="#[139]">tflite::MicroInterpreterGraph::InvokeSubgraph(int)</a> from micro_interpreter_graph.o(.text._ZN6tflite21MicroInterpreterGraph14InvokeSubgraphEi) referenced from micro_interpreter_graph.o(.rodata._ZTVN6tflite21MicroInterpreterGraphE)
 <LI><a href="#[142]">tflite::MicroInterpreterGraph::ResetSubgraphs()</a> from micro_interpreter_graph.o(.text._ZN6tflite21MicroInterpreterGraph14ResetSubgraphsEv) referenced from micro_interpreter_graph.o(.rodata._ZTVN6tflite21MicroInterpreterGraphE)
 <LI><a href="#[13b]">tflite::MicroInterpreterGraph::GetSubgraphInput(int, int)</a> from micro_interpreter_graph.o(.text._ZN6tflite21MicroInterpreterGraph16GetSubgraphInputEii) referenced from micro_interpreter_graph.o(.rodata._ZTVN6tflite21MicroInterpreterGraphE)
 <LI><a href="#[141]">tflite::MicroInterpreterGraph::PrepareSubgraphs()</a> from micro_interpreter_graph.o(.text._ZN6tflite21MicroInterpreterGraph16PrepareSubgraphsEv) referenced from micro_interpreter_graph.o(.rodata._ZTVN6tflite21MicroInterpreterGraphE)
 <LI><a href="#[13d]">tflite::MicroInterpreterGraph::GetSubgraphOutput(int, int)</a> from micro_interpreter_graph.o(.text._ZN6tflite21MicroInterpreterGraph17GetSubgraphOutputEii) referenced from micro_interpreter_graph.o(.rodata._ZTVN6tflite21MicroInterpreterGraphE)
 <LI><a href="#[13a]">tflite::MicroInterpreterGraph::NumSubgraphInputs(int)</a> from micro_interpreter_graph.o(.text._ZN6tflite21MicroInterpreterGraph17NumSubgraphInputsEi) referenced from micro_interpreter_graph.o(.rodata._ZTVN6tflite21MicroInterpreterGraphE)
 <LI><a href="#[13c]">tflite::MicroInterpreterGraph::NumSubgraphOutputs(int)</a> from micro_interpreter_graph.o(.text._ZN6tflite21MicroInterpreterGraph18NumSubgraphOutputsEi) referenced from micro_interpreter_graph.o(.rodata._ZTVN6tflite21MicroInterpreterGraphE)
 <LI><a href="#[13f]">tflite::MicroInterpreterGraph::GetResourceVariables()</a> from micro_interpreter_graph.o(.text._ZN6tflite21MicroInterpreterGraph20GetResourceVariablesEv) referenced from micro_interpreter_graph.o(.rodata._ZTVN6tflite21MicroInterpreterGraphE)
 <LI><a href="#[144]">tflite::MicroInterpreterGraph::ResetVariableTensors()</a> from micro_interpreter_graph.o(.text._ZN6tflite21MicroInterpreterGraph20ResetVariableTensorsEv) referenced from micro_interpreter_graph.o(.rodata._ZTVN6tflite21MicroInterpreterGraphE)
 <LI><a href="#[138]">tflite::MicroInterpreterGraph::~MicroInterpreterGraph__deallocating()</a> from micro_interpreter_graph.o(.text._ZN6tflite21MicroInterpreterGraphD0Ev) referenced from micro_interpreter_graph.o(.rodata._ZTVN6tflite21MicroInterpreterGraphE)
 <LI><a href="#[137]">tflite::MicroInterpreterGraph::~MicroInterpreterGraph__sub_object()</a> from micro_interpreter_graph.o(.text._ZN6tflite21MicroInterpreterGraphD2Ev) referenced from micro_interpreter_graph.o(.rodata._ZTVN6tflite21MicroInterpreterGraphE)
 <LI><a href="#[d7]">tflite::reference_integer_ops::CheckArithmeticParams(tflite::ArithmeticParams const&)</a> from add.o(.text._ZN6tflite21reference_integer_ops21CheckArithmeticParamsERKNS_16ArithmeticParamsE) referenced 2 times from add.o(.text._ZN6tflite12_GLOBAL__N_120EvalAddQuantizedInt8EP13TfLiteContextP10TfLiteNodeP15TfLiteAddParamsPKNS0_6OpDataEPK16TfLiteEvalTensorSC_PSA_)
 <LI><a href="#[d6]">tflite::reference_integer_ops::AddFunc(signed char, signed char, tflite::ArithmeticParams const&)</a> from add.o(.text._ZN6tflite21reference_integer_ops7AddFuncEaaRKNS_16ArithmeticParamsE) referenced 2 times from add.o(.text._ZN6tflite12_GLOBAL__N_120EvalAddQuantizedInt8EP13TfLiteContextP10TfLiteNodeP15TfLiteAddParamsPKNS0_6OpDataEPK16TfLiteEvalTensorSC_PSA_)
 <LI><a href="#[149]">tflite::MicroMutableOpResolver&lang;64u&rang;::~MicroMutableOpResolver__deallocating()</a> from processmodel.o(.text._ZN6tflite22MicroMutableOpResolverILj64EED0Ev) referenced from processmodel.o(.rodata._ZTVN6tflite22MicroMutableOpResolverILj64EEE)
 <LI><a href="#[153]">tflite::MicroInterpreterContext::GetEvalTensor(int)</a> from micro_interpreter_context.o(.text._ZN6tflite23MicroInterpreterContext13GetEvalTensorEi) referenced from micro_interpreter_context.o(.rodata._ZTVN6tflite23MicroInterpreterContextE)
 <LI><a href="#[14e]">tflite::MicroInterpreterContext::GetScratchBuffer(int)</a> from micro_interpreter_context.o(.text._ZN6tflite23MicroInterpreterContext16GetScratchBufferEi) referenced from micro_interpreter_context.o(.rodata._ZTVN6tflite23MicroInterpreterContextE)
 <LI><a href="#[155]">tflite::MicroInterpreterContext::external_context()</a> from micro_interpreter_context.o(.text._ZN6tflite23MicroInterpreterContext16external_contextEv) referenced from micro_interpreter_context.o(.rodata._ZTVN6tflite23MicroInterpreterContextE)
 <LI><a href="#[151]">tflite::MicroInterpreterContext::AllocateTempBuffer(unsigned int, unsigned int)</a> from micro_interpreter_context.o(.text._ZN6tflite23MicroInterpreterContext18AllocateTempBufferEjj) referenced from micro_interpreter_context.o(.rodata._ZTVN6tflite23MicroInterpreterContextE)
 <LI><a href="#[152]">tflite::MicroInterpreterContext::DeallocateTempBuffer(unsigned char*)</a> from micro_interpreter_context.o(.text._ZN6tflite23MicroInterpreterContext20DeallocateTempBufferEPh) referenced from micro_interpreter_context.o(.rodata._ZTVN6tflite23MicroInterpreterContextE)
 <LI><a href="#[157]">tflite::MicroInterpreterContext::SetAlternateProfiler(tflite::MicroProfilerInterface*)</a> from micro_interpreter_context.o(.text._ZN6tflite23MicroInterpreterContext20SetAlternateProfilerEPNS_22MicroProfilerInterfaceE) referenced from micro_interpreter_context.o(.rodata._ZTVN6tflite23MicroInterpreterContextE)
 <LI><a href="#[154]">tflite::MicroInterpreterContext::set_external_context(void*)</a> from micro_interpreter_context.o(.text._ZN6tflite23MicroInterpreterContext20set_external_contextEPv) referenced from micro_interpreter_context.o(.rodata._ZTVN6tflite23MicroInterpreterContextE)
 <LI><a href="#[14c]">tflite::MicroInterpreterContext::AllocatePersistentBuffer(unsigned int)</a> from micro_interpreter_context.o(.text._ZN6tflite23MicroInterpreterContext24AllocatePersistentBufferEj) referenced from micro_interpreter_context.o(.rodata._ZTVN6tflite23MicroInterpreterContextE)
 <LI><a href="#[14f]">tflite::MicroInterpreterContext::AllocateTempTfLiteTensor(int)</a> from micro_interpreter_context.o(.text._ZN6tflite23MicroInterpreterContext24AllocateTempTfLiteTensorEi) referenced from micro_interpreter_context.o(.rodata._ZTVN6tflite23MicroInterpreterContextE)
 <LI><a href="#[150]">tflite::MicroInterpreterContext::DeallocateTempTfLiteTensor(TfLiteTensor*)</a> from micro_interpreter_context.o(.text._ZN6tflite23MicroInterpreterContext26DeallocateTempTfLiteTensorEP12TfLiteTensor) referenced from micro_interpreter_context.o(.rodata._ZTVN6tflite23MicroInterpreterContextE)
 <LI><a href="#[14d]">tflite::MicroInterpreterContext::RequestScratchBufferInArena(unsigned int, int*)</a> from micro_interpreter_context.o(.text._ZN6tflite23MicroInterpreterContext27RequestScratchBufferInArenaEjPi) referenced from micro_interpreter_context.o(.rodata._ZTVN6tflite23MicroInterpreterContextE)
 <LI><a href="#[156]">tflite::MicroInterpreterContext::graph()</a> from micro_interpreter_context.o(.text._ZN6tflite23MicroInterpreterContext5graphEv) referenced from micro_interpreter_context.o(.rodata._ZTVN6tflite23MicroInterpreterContextE)
 <LI><a href="#[14b]">tflite::MicroInterpreterContext::~MicroInterpreterContext__deallocating()</a> from micro_interpreter_context.o(.text._ZN6tflite23MicroInterpreterContextD0Ev) referenced from micro_interpreter_context.o(.rodata._ZTVN6tflite23MicroInterpreterContextE)
 <LI><a href="#[14a]">tflite::MicroInterpreterContext::~MicroInterpreterContext__sub_object()</a> from micro_interpreter_context.o(.text._ZN6tflite23MicroInterpreterContextD2Ev) referenced from micro_interpreter_context.o(.rodata._ZTVN6tflite23MicroInterpreterContextE)
 <LI><a href="#[f1]">tflite::PrepareReshapeReference(TfLiteContext*, TfLiteNode*)</a> from reshape_common.o(.text._ZN6tflite23PrepareReshapeReferenceEP13TfLiteContextP10TfLiteNode) referenced 2 times from reshape.o(.text._ZN6tflite16Register_RESHAPEEv)
 <LI><a href="#[f7]">tflite::PrepareQuantizeReference(TfLiteContext*, TfLiteNode*)</a> from quantize_common.o(.text._ZN6tflite24PrepareQuantizeReferenceEP13TfLiteContextP10TfLiteNode) referenced 2 times from quantize.o(.text._ZN6tflite17Register_QUANTIZEEv)
 <LI><a href="#[e8]">tflite::MicroContextGetEvalTensor(TfLiteContext const*, int)</a> from kernel_runner.o(.text._ZN6tflite25MicroContextGetEvalTensorEPK13TfLiteContexti) referenced 2 times from micro_interpreter.o(.text._ZN6tflite16MicroInterpreterC2EPKNS_5ModelERKNS_15MicroOpResolverEPhjPNS_22MicroResourceVariablesEPNS_22MicroProfilerInterfaceEb)
 <LI><a href="#[e7]">tflite::MicroContextReportOpError(TfLiteContext*, char const*, ...)</a> from micro_context.o(.text._ZN6tflite25MicroContextReportOpErrorEP13TfLiteContextPKcz) referenced 2 times from micro_interpreter.o(.text._ZN6tflite16MicroInterpreterC2EPKNS_5ModelERKNS_15MicroOpResolverEPhjPNS_22MicroResourceVariablesEPNS_22MicroProfilerInterfaceEb)
 <LI><a href="#[15b]">tflite::SingleArenaBufferAllocator::AllocateTemp(unsigned int, unsigned int)</a> from single_arena_buffer_allocator.o(.text._ZN6tflite26SingleArenaBufferAllocator12AllocateTempEjj) referenced from single_arena_buffer_allocator.o(.rodata._ZTVN6tflite26SingleArenaBufferAllocatorE)
 <LI><a href="#[160]">tflite::SingleArenaBufferAllocator::ResizeBuffer(unsigned char*, unsigned int, unsigned int)</a> from single_arena_buffer_allocator.o(.text._ZN6tflite26SingleArenaBufferAllocator12ResizeBufferEPhjj) referenced from single_arena_buffer_allocator.o(.rodata._ZTVN6tflite26SingleArenaBufferAllocatorE)
 <LI><a href="#[15c]">tflite::SingleArenaBufferAllocator::DeallocateTemp(unsigned char*)</a> from single_arena_buffer_allocator.o(.text._ZN6tflite26SingleArenaBufferAllocator14DeallocateTempEPh) referenced from single_arena_buffer_allocator.o(.rodata._ZTVN6tflite26SingleArenaBufferAllocatorE)
 <LI><a href="#[15d]">tflite::SingleArenaBufferAllocator::IsAllTempDeallocated()</a> from single_arena_buffer_allocator.o(.text._ZN6tflite26SingleArenaBufferAllocator20IsAllTempDeallocatedEv) referenced from single_arena_buffer_allocator.o(.rodata._ZTVN6tflite26SingleArenaBufferAllocatorE)
 <LI><a href="#[15e]">tflite::SingleArenaBufferAllocator::ResetTempAllocations()</a> from single_arena_buffer_allocator.o(.text._ZN6tflite26SingleArenaBufferAllocator20ResetTempAllocationsEv) referenced from single_arena_buffer_allocator.o(.rodata._ZTVN6tflite26SingleArenaBufferAllocatorE)
 <LI><a href="#[15f]">tflite::SingleArenaBufferAllocator::AllocateResizableBuffer(unsigned int, unsigned int)</a> from single_arena_buffer_allocator.o(.text._ZN6tflite26SingleArenaBufferAllocator23AllocateResizableBufferEjj) referenced from single_arena_buffer_allocator.o(.rodata._ZTVN6tflite26SingleArenaBufferAllocatorE)
 <LI><a href="#[166]">tflite::SingleArenaBufferAllocator::AllocatePersistentBuffer(unsigned int, unsigned int)</a> from single_arena_buffer_allocator.o(.text._ZN6tflite26SingleArenaBufferAllocator24AllocatePersistentBufferEjj) referenced from single_arena_buffer_allocator.o(.rodata._ZTVN6tflite26SingleArenaBufferAllocatorE)
 <LI><a href="#[161]">tflite::SingleArenaBufferAllocator::DeallocateResizableBuffer(unsigned char*)</a> from single_arena_buffer_allocator.o(.text._ZN6tflite26SingleArenaBufferAllocator25DeallocateResizableBufferEPh) referenced from single_arena_buffer_allocator.o(.rodata._ZTVN6tflite26SingleArenaBufferAllocatorE)
 <LI><a href="#[163]">tflite::SingleArenaBufferAllocator::ReserveNonPersistentOverlayMemory(unsigned int, unsigned int)</a> from single_arena_buffer_allocator.o(.text._ZN6tflite26SingleArenaBufferAllocator33ReserveNonPersistentOverlayMemoryEjj) referenced from single_arena_buffer_allocator.o(.rodata._ZTVN6tflite26SingleArenaBufferAllocatorE)
 <LI><a href="#[15a]">tflite::SingleArenaBufferAllocator::~SingleArenaBufferAllocator__deallocating()</a> from single_arena_buffer_allocator.o(.text._ZN6tflite26SingleArenaBufferAllocatorD0Ev) referenced from single_arena_buffer_allocator.o(.rodata._ZTVN6tflite26SingleArenaBufferAllocatorE)
 <LI><a href="#[159]">tflite::SingleArenaBufferAllocator::~SingleArenaBufferAllocator__sub_object()</a> from single_arena_buffer_allocator.o(.text._ZN6tflite26SingleArenaBufferAllocatorD2Ev) referenced from single_arena_buffer_allocator.o(.rodata._ZTVN6tflite26SingleArenaBufferAllocatorE)
 <LI><a href="#[ed]">tflite::MicroContextGetScratchBuffer(TfLiteContext*, int)</a> from kernel_runner.o(.text._ZN6tflite28MicroContextGetScratchBufferEP13TfLiteContexti) referenced 2 times from micro_interpreter.o(.text._ZN6tflite16MicroInterpreterC2EPKNS_5ModelERKNS_15MicroOpResolverEPhjPNS_22MicroResourceVariablesEPNS_22MicroProfilerInterfaceEb)
 <LI><a href="#[ea]">tflite::MicroContextGetExternalContext(TfLiteContext*, TfLiteExternalContextType)</a> from kernel_runner.o(.text._ZN6tflite30MicroContextGetExternalContextEP13TfLiteContext25TfLiteExternalContextType) referenced 2 times from micro_interpreter.o(.text._ZN6tflite16MicroInterpreterC2EPKNS_5ModelERKNS_15MicroOpResolverEPhjPNS_22MicroResourceVariablesEPNS_22MicroProfilerInterfaceEb)
 <LI><a href="#[eb]">tflite::MicroContextAllocatePersistentBuffer(TfLiteContext*, unsigned int)</a> from kernel_runner.o(.text._ZN6tflite36MicroContextAllocatePersistentBufferEP13TfLiteContextj) referenced 2 times from micro_interpreter.o(.text._ZN6tflite16MicroInterpreterC2EPKNS_5ModelERKNS_15MicroOpResolverEPhjPNS_22MicroResourceVariablesEPNS_22MicroProfilerInterfaceEb)
 <LI><a href="#[ec]">tflite::MicroContextRequestScratchBufferInArena(TfLiteContext*, unsigned int, int*)</a> from kernel_runner.o(.text._ZN6tflite39MicroContextRequestScratchBufferInArenaEP13TfLiteContextjPi) referenced 2 times from micro_interpreter.o(.text._ZN6tflite16MicroInterpreterC2EPKNS_5ModelERKNS_15MicroOpResolverEPhjPNS_22MicroResourceVariablesEPNS_22MicroProfilerInterfaceEb)
 <LI><a href="#[d5]">tflite::Eval(TfLiteContext*, TfLiteNode*)</a> from mul.o(.text._ZN6tflite4EvalEP13TfLiteContextP10TfLiteNode) referenced 2 times from mul.o(.text._ZN6tflite12Register_MULEv)
 <LI><a href="#[d2]">tflite::EvalAdd(TfLiteContext*, TfLiteNode*)</a> from add.o(.text._ZN6tflite7EvalAddEP13TfLiteContextP10TfLiteNode) referenced 2 times from add.o(.text._ZN6tflite12Register_ADDEv)
 <LI><a href="#[d0]">tflite::InitAdd(TfLiteContext*, char const*, unsigned int)</a> from add.o(.text._ZN6tflite7InitAddEP13TfLiteContextPKcj) referenced 2 times from add.o(.text._ZN6tflite12Register_ADDEv)
 <LI><a href="#[d3]">tflite::MulInit(TfLiteContext*, char const*, unsigned int)</a> from mul_common.o(.text._ZN6tflite7MulInitEP13TfLiteContextPKcj) referenced 2 times from mul.o(.text._ZN6tflite12Register_MULEv)
 <LI><a href="#[c5]">tflite::ParseAdd(tflite::Operator const*, tflite::ErrorReporter*, tflite::BuiltinDataAllocator*, void**)</a> from flatbuffer_conversions.o(.text._ZN6tflite8ParseAddEPKNS_8OperatorEPNS_13ErrorReporterEPNS_20BuiltinDataAllocatorEPPv) referenced 2 times from processmodel.o(.text.ProcessModelOutput_Init)
 <LI><a href="#[c6]">tflite::ParseMul(tflite::Operator const*, tflite::ErrorReporter*, tflite::BuiltinDataAllocator*, void**)</a> from flatbuffer_conversions.o(.text._ZN6tflite8ParseMulEPKNS_8OperatorEPNS_13ErrorReporterEPNS_20BuiltinDataAllocatorEPPv) referenced 2 times from processmodel.o(.text.ProcessModelOutput_Init)
 <LI><a href="#[c8]">tflite::ParsePack(tflite::Operator const*, tflite::ErrorReporter*, tflite::BuiltinDataAllocator*, void**)</a> from flatbuffer_conversions.o(.text._ZN6tflite9ParsePackEPKNS_8OperatorEPNS_13ErrorReporterEPNS_20BuiltinDataAllocatorEPPv) referenced 2 times from processmodel.o(.text.ProcessModelOutput_Init)
 <LI><a href="#[bb]">tflite::ParsePool(tflite::Operator const*, tflite::ErrorReporter*, tflite::BuiltinDataAllocator*, void**)</a> from flatbuffer_conversions.o(.text._ZN6tflite9ParsePoolEPKNS_8OperatorEPNS_13ErrorReporterEPNS_20BuiltinDataAllocatorEPPv) referenced 2 times from processmodel.o(.text.ProcessModelOutput_Init)
 <LI><a href="#[bd]">tflite::ParseRelu(tflite::Operator const*, tflite::ErrorReporter*, tflite::BuiltinDataAllocator*, void**)</a> from flatbuffer_conversions.o(.text._ZN6tflite9ParseReluEPKNS_8OperatorEPNS_13ErrorReporterEPNS_20BuiltinDataAllocatorEPPv) referenced 2 times from processmodel.o(.text.ProcessModelOutput_Init)
 <LI><a href="#[12b]">tflite::GreedyMemoryPlanner::preserves_all_tensors() const</a> from greedy_memory_planner.o(.text._ZNK6tflite19GreedyMemoryPlanner21preserves_all_tensorsEv) referenced from greedy_memory_planner.o(.rodata._ZTVN6tflite19GreedyMemoryPlannerE)
 <LI><a href="#[135]">tflite::LinearMemoryPlanner::preserves_all_tensors() const</a> from linear_memory_planner.o(.text._ZNK6tflite19LinearMemoryPlanner21preserves_all_tensorsEv) referenced from linear_memory_planner.o(.rodata._ZTVN6tflite19LinearMemoryPlannerE)
 <LI><a href="#[147]">tflite::MicroMutableOpResolver&lang;64u&rang;::GetOpDataParser(tflite::BuiltinOperator) const</a> from processmodel.o(.text._ZNK6tflite22MicroMutableOpResolverILj64EE15GetOpDataParserENS_15BuiltinOperatorE) referenced from processmodel.o(.rodata._ZTVN6tflite22MicroMutableOpResolverILj64EEE)
 <LI><a href="#[145]">tflite::MicroMutableOpResolver&lang;64u&rang;::FindOp(tflite::BuiltinOperator) const</a> from processmodel.o(.text._ZNK6tflite22MicroMutableOpResolverILj64EE6FindOpENS_15BuiltinOperatorE) referenced from processmodel.o(.rodata._ZTVN6tflite22MicroMutableOpResolverILj64EEE)
 <LI><a href="#[146]">tflite::MicroMutableOpResolver&lang;64u&rang;::FindOp(char const*) const</a> from processmodel.o(.text._ZNK6tflite22MicroMutableOpResolverILj64EE6FindOpEPKc) referenced from processmodel.o(.rodata._ZTVN6tflite22MicroMutableOpResolverILj64EEE)
 <LI><a href="#[158]">tflite::MicroInterpreterContext::GetAlternateProfiler() const</a> from micro_interpreter_context.o(.text._ZNK6tflite23MicroInterpreterContext20GetAlternateProfilerEv) referenced from micro_interpreter_context.o(.rodata._ZTVN6tflite23MicroInterpreterContextE)
[...]
</UL>
<BR>[Calls]<UL><LI><a href="#[2ab]">&gt;&gt;</a>&nbsp;&nbsp;&nbsp;tflite::micro::GetEvalOutput(TfLiteContext const*, TfLiteNode const*, int)
<LI><a href="#[2aa]">&gt;&gt;</a>&nbsp;&nbsp;&nbsp;tflite::micro::GetEvalInput(TfLiteContext const*, TfLiteNode const*, int)
<LI><a href="#[2de]">&gt;&gt;</a>&nbsp;&nbsp;&nbsp;tflite::ElementCount(TfLiteIntArray const&)
<LI><a href="#[2dd]">&gt;&gt;</a>&nbsp;&nbsp;&nbsp;tflite::TfLiteTypeSizeOf(TfLiteType, unsigned int*)
<LI><a href="#[1fa]">&gt;&gt;</a>&nbsp;&nbsp;&nbsp;__aeabi_memcpy
</UL>
<BR>[Address Reference Count : 1]<UL><LI> reshape.o(.text._ZN6tflite16Register_RESHAPEEv)
</UL>
<P><STRONG><a name="[2ba]"></a>tflite::(anonymous namespace)::ReshapeOutput(TfLiteContext*, TfLiteNode*)</STRONG> (Thumb, 588 bytes, Stack size 72 bytes, reshape_common.o(.text._ZN6tflite12_GLOBAL__N_113ReshapeOutputEP13TfLiteContextP10TfLiteNode))
<BR><BR>[Stack]<UL><LI>Max Depth = 512 + Unknown Stack Size
<LI>Call Chain = tflite::(anonymous namespace)::ReshapeOutput(TfLiteContext*, TfLiteNode*) &rArr; MicroPrintf(char const*, ...) &rArr; (anonymous namespace)::VDebugLog(char const*, ...) &rArr; DebugLog &rArr; vsnprintf &rArr; _printf_char_common &rArr; __printf
</UL>
<BR>[Calls]<UL><LI><a href="#[295]">&gt;&gt;</a>&nbsp;&nbsp;&nbsp;MicroPrintf(char const*, ...)
<LI><a href="#[2ac]">&gt;&gt;</a>&nbsp;&nbsp;&nbsp;TfLiteTypeGetName
<LI><a href="#[2bb]">&gt;&gt;</a>&nbsp;&nbsp;&nbsp;tflite::micro::CreateWritableTensorDimsWithCopy(TfLiteContext*, TfLiteTensor*, TfLiteEvalTensor*)
<LI><a href="#[29b]">&gt;&gt;</a>&nbsp;&nbsp;&nbsp;tflite::MicroContext::AllocateTempOutputTensor(TfLiteNode const*, int)
<LI><a href="#[29a]">&gt;&gt;</a>&nbsp;&nbsp;&nbsp;tflite::MicroContext::AllocateTempInputTensor(TfLiteNode const*, int)
<LI><a href="#[2ab]">&gt;&gt;</a>&nbsp;&nbsp;&nbsp;tflite::micro::GetEvalOutput(TfLiteContext const*, TfLiteNode const*, int)
<LI><a href="#[1b5]">&gt;&gt;</a>&nbsp;&nbsp;&nbsp;abort
<LI><a href="#[2a1]">&gt;&gt;</a>&nbsp;&nbsp;&nbsp;__aeabi_ldivmod
</UL>
<BR>[Called By]<UL><LI><a href="#[f1]">&gt;&gt;</a>&nbsp;&nbsp;&nbsp;tflite::PrepareReshapeReference(TfLiteContext*, TfLiteNode*)
</UL>

<P><STRONG><a name="[e0]"></a>tflite::(anonymous namespace)::ShapePrepare(TfLiteContext*, TfLiteNode*)</STRONG> (Thumb, 140 bytes, Stack size 24 bytes, shape.o(.text._ZN6tflite12_GLOBAL__N_112ShapePrepareEP13TfLiteContextP10TfLiteNode))
<BR><BR>[Stack]<UL><LI>Max Depth = 24<LI>Call Chain = tflite::(anonymous namespace)::ShapePrepare(TfLiteContext*, TfLiteNode*)
</UL>
<BR>[Address Reference Count : 1]<UL><LI> shape.o(.text._ZN6tflite14Register_SHAPEEv)
</UL>
<P><STRONG><a name="[e1]"></a>tflite::(anonymous namespace)::ShapeEval(TfLiteContext*, TfLiteNode*)</STRONG> (Thumb, 92 bytes, Stack size 16 bytes, shape.o(.text._ZN6tflite12_GLOBAL__N_19ShapeEvalEP13TfLiteContextP10TfLiteNode))
<BR><BR>[Stack]<UL><LI>Max Depth = 456 + Unknown Stack Size
<LI>Call Chain = tflite::(anonymous namespace)::ShapeEval(TfLiteContext*, TfLiteNode*) &rArr; MicroPrintf(char const*, ...) &rArr; (anonymous namespace)::VDebugLog(char const*, ...) &rArr; DebugLog &rArr; vsnprintf &rArr; _printf_char_common &rArr; __printf
</UL>
<BR>[Calls]<UL><LI><a href="#[295]">&gt;&gt;</a>&nbsp;&nbsp;&nbsp;MicroPrintf(char const*, ...)
<LI><a href="#[2ac]">&gt;&gt;</a>&nbsp;&nbsp;&nbsp;TfLiteTypeGetName
<LI><a href="#[2ab]">&gt;&gt;</a>&nbsp;&nbsp;&nbsp;tflite::micro::GetEvalOutput(TfLiteContext const*, TfLiteNode const*, int)
<LI><a href="#[2aa]">&gt;&gt;</a>&nbsp;&nbsp;&nbsp;tflite::micro::GetEvalInput(TfLiteContext const*, TfLiteNode const*, int)
<LI><a href="#[1b5]">&gt;&gt;</a>&nbsp;&nbsp;&nbsp;abort
</UL>
<BR>[Address Reference Count : 1]<UL><LI> shape.o(.text._ZN6tflite14Register_SHAPEEv)
</UL>
<P><STRONG><a name="[e2]"></a>tflite::(anonymous namespace)::SlicePrepare(TfLiteContext*, TfLiteNode*)</STRONG> (Thumb, 480 bytes, Stack size 80 bytes, slice.o(.text._ZN6tflite12_GLOBAL__N_112SlicePrepareEP13TfLiteContextP10TfLiteNode))
<BR><BR>[Stack]<UL><LI>Max Depth = 520 + Unknown Stack Size
<LI>Call Chain = tflite::(anonymous namespace)::SlicePrepare(TfLiteContext*, TfLiteNode*) &rArr; MicroPrintf(char const*, ...) &rArr; (anonymous namespace)::VDebugLog(char const*, ...) &rArr; DebugLog &rArr; vsnprintf &rArr; _printf_char_common &rArr; __printf
</UL>
<BR>[Calls]<UL><LI><a href="#[295]">&gt;&gt;</a>&nbsp;&nbsp;&nbsp;MicroPrintf(char const*, ...)
<LI><a href="#[29b]">&gt;&gt;</a>&nbsp;&nbsp;&nbsp;tflite::MicroContext::AllocateTempOutputTensor(TfLiteNode const*, int)
<LI><a href="#[29a]">&gt;&gt;</a>&nbsp;&nbsp;&nbsp;tflite::MicroContext::AllocateTempInputTensor(TfLiteNode const*, int)
<LI><a href="#[1b5]">&gt;&gt;</a>&nbsp;&nbsp;&nbsp;abort
<LI><a href="#[2a1]">&gt;&gt;</a>&nbsp;&nbsp;&nbsp;__aeabi_ldivmod
</UL>
<BR>[Address Reference Count : 1]<UL><LI> slice.o(.text._ZN6tflite14Register_SLICEEv)
</UL>
<P><STRONG><a name="[e3]"></a>tflite::(anonymous namespace)::SliceEval(TfLiteContext*, TfLiteNode*)</STRONG> (Thumb, 540 bytes, Stack size 144 bytes, slice.o(.text._ZN6tflite12_GLOBAL__N_19SliceEvalEP13TfLiteContextP10TfLiteNode))
<BR><BR>[Stack]<UL><LI>Max Depth = 584 + Unknown Stack Size
<LI>Call Chain = tflite::(anonymous namespace)::SliceEval(TfLiteContext*, TfLiteNode*) &rArr; MicroPrintf(char const*, ...) &rArr; (anonymous namespace)::VDebugLog(char const*, ...) &rArr; DebugLog &rArr; vsnprintf &rArr; _printf_char_common &rArr; __printf
</UL>
<BR>[Calls]<UL><LI><a href="#[295]">&gt;&gt;</a>&nbsp;&nbsp;&nbsp;MicroPrintf(char const*, ...)
<LI><a href="#[2ac]">&gt;&gt;</a>&nbsp;&nbsp;&nbsp;TfLiteTypeGetName
<LI><a href="#[2af]">&gt;&gt;</a>&nbsp;&nbsp;&nbsp;tflite::micro::GetTensorShape(TfLiteEvalTensor const*)
<LI><a href="#[2ab]">&gt;&gt;</a>&nbsp;&nbsp;&nbsp;tflite::micro::GetEvalOutput(TfLiteContext const*, TfLiteNode const*, int)
<LI><a href="#[2aa]">&gt;&gt;</a>&nbsp;&nbsp;&nbsp;tflite::micro::GetEvalInput(TfLiteContext const*, TfLiteNode const*, int)
<LI><a href="#[307]">&gt;&gt;</a>&nbsp;&nbsp;&nbsp;void tflite::reference_ops::Slice&lang;signed char&rang;(tflite::SliceParams const&, tflite::RuntimeShape const&, tflite::RuntimeShape const&, tflite::SequentialTensorWriter&lang;signed char&rang;*)
<LI><a href="#[306]">&gt;&gt;</a>&nbsp;&nbsp;&nbsp;void tflite::reference_ops::Slice&lang;short&rang;(tflite::SliceParams const&, tflite::RuntimeShape const&, tflite::RuntimeShape const&, tflite::SequentialTensorWriter&lang;short&rang;*)
<LI><a href="#[305]">&gt;&gt;</a>&nbsp;&nbsp;&nbsp;void tflite::reference_ops::Slice&lang;bool&rang;(tflite::SliceParams const&, tflite::RuntimeShape const&, tflite::RuntimeShape const&, tflite::SequentialTensorWriter&lang;bool&rang;*)
<LI><a href="#[304]">&gt;&gt;</a>&nbsp;&nbsp;&nbsp;void tflite::reference_ops::Slice&lang;int&rang;(tflite::SliceParams const&, tflite::RuntimeShape const&, tflite::RuntimeShape const&, tflite::SequentialTensorWriter&lang;int&rang;*)
<LI><a href="#[303]">&gt;&gt;</a>&nbsp;&nbsp;&nbsp;void tflite::reference_ops::Slice&lang;float&rang;(tflite::SliceParams const&, tflite::RuntimeShape const&, tflite::RuntimeShape const&, tflite::SequentialTensorWriter&lang;float&rang;*)
<LI><a href="#[1b5]">&gt;&gt;</a>&nbsp;&nbsp;&nbsp;abort
</UL>
<BR>[Address Reference Count : 1]<UL><LI> slice.o(.text._ZN6tflite14Register_SLICEEv)
</UL>
<P><STRONG><a name="[e4]"></a>tflite::(anonymous namespace)::SplitPrepare(TfLiteContext*, TfLiteNode*)</STRONG> (Thumb, 92 bytes, Stack size 24 bytes, split.o(.text._ZN6tflite12_GLOBAL__N_112SplitPrepareEP13TfLiteContextP10TfLiteNode))
<BR><BR>[Stack]<UL><LI>Max Depth = 24<LI>Call Chain = tflite::(anonymous namespace)::SplitPrepare(TfLiteContext*, TfLiteNode*)
</UL>
<BR>[Calls]<UL><LI><a href="#[29a]">&gt;&gt;</a>&nbsp;&nbsp;&nbsp;tflite::MicroContext::AllocateTempInputTensor(TfLiteNode const*, int)
</UL>
<BR>[Address Reference Count : 1]<UL><LI> split.o(.text._ZN6tflite14Register_SPLITEv)
</UL>
<P><STRONG><a name="[e5]"></a>tflite::(anonymous namespace)::SplitEval(TfLiteContext*, TfLiteNode*)</STRONG> (Thumb, 1496 bytes, Stack size 64 bytes, split.o(.text._ZN6tflite12_GLOBAL__N_19SplitEvalEP13TfLiteContextP10TfLiteNode))
<BR><BR>[Stack]<UL><LI>Max Depth = 504 + Unknown Stack Size
<LI>Call Chain = tflite::(anonymous namespace)::SplitEval(TfLiteContext*, TfLiteNode*) &rArr; MicroPrintf(char const*, ...) &rArr; (anonymous namespace)::VDebugLog(char const*, ...) &rArr; DebugLog &rArr; vsnprintf &rArr; _printf_char_common &rArr; __printf
</UL>
<BR>[Calls]<UL><LI><a href="#[295]">&gt;&gt;</a>&nbsp;&nbsp;&nbsp;MicroPrintf(char const*, ...)
<LI><a href="#[2ac]">&gt;&gt;</a>&nbsp;&nbsp;&nbsp;TfLiteTypeGetName
<LI><a href="#[2ab]">&gt;&gt;</a>&nbsp;&nbsp;&nbsp;tflite::micro::GetEvalOutput(TfLiteContext const*, TfLiteNode const*, int)
<LI><a href="#[2aa]">&gt;&gt;</a>&nbsp;&nbsp;&nbsp;tflite::micro::GetEvalInput(TfLiteContext const*, TfLiteNode const*, int)
<LI><a href="#[1b5]">&gt;&gt;</a>&nbsp;&nbsp;&nbsp;abort
</UL>
<BR>[Address Reference Count : 1]<UL><LI> split.o(.text._ZN6tflite14Register_SPLITEv)
</UL>
<P><STRONG><a name="[106]"></a>tflite::(anonymous namespace)::StridedSliceEval(TfLiteContext*, TfLiteNode*)</STRONG> (Thumb, 308 bytes, Stack size 88 bytes, strided_slice.o(.text._ZN6tflite12_GLOBAL__N_116StridedSliceEvalEP13TfLiteContextP10TfLiteNode))
<BR><BR>[Stack]<UL><LI>Max Depth = 528 + Unknown Stack Size
<LI>Call Chain = tflite::(anonymous namespace)::StridedSliceEval(TfLiteContext*, TfLiteNode*) &rArr; MicroPrintf(char const*, ...) &rArr; (anonymous namespace)::VDebugLog(char const*, ...) &rArr; DebugLog &rArr; vsnprintf &rArr; _printf_char_common &rArr; __printf
</UL>
<BR>[Calls]<UL><LI><a href="#[295]">&gt;&gt;</a>&nbsp;&nbsp;&nbsp;MicroPrintf(char const*, ...)
<LI><a href="#[2ac]">&gt;&gt;</a>&nbsp;&nbsp;&nbsp;TfLiteTypeGetName
<LI><a href="#[2af]">&gt;&gt;</a>&nbsp;&nbsp;&nbsp;tflite::micro::GetTensorShape(TfLiteEvalTensor const*)
<LI><a href="#[2ab]">&gt;&gt;</a>&nbsp;&nbsp;&nbsp;tflite::micro::GetEvalOutput(TfLiteContext const*, TfLiteNode const*, int)
<LI><a href="#[2aa]">&gt;&gt;</a>&nbsp;&nbsp;&nbsp;tflite::micro::GetEvalInput(TfLiteContext const*, TfLiteNode const*, int)
<LI><a href="#[2c8]">&gt;&gt;</a>&nbsp;&nbsp;&nbsp;void tflite::reference_ops::StridedSlice&lang;signed char&rang;(tflite::StridedSliceParams const&, tflite::RuntimeShape const&, tflite::RuntimeShape const&, tflite::SequentialTensorWriter&lang;signed char&rang;*)
<LI><a href="#[2c7]">&gt;&gt;</a>&nbsp;&nbsp;&nbsp;void tflite::reference_ops::StridedSlice&lang;short&rang;(tflite::StridedSliceParams const&, tflite::RuntimeShape const&, tflite::RuntimeShape const&, tflite::SequentialTensorWriter&lang;short&rang;*)
<LI><a href="#[2c6]">&gt;&gt;</a>&nbsp;&nbsp;&nbsp;void tflite::reference_ops::StridedSlice&lang;bool&rang;(tflite::StridedSliceParams const&, tflite::RuntimeShape const&, tflite::RuntimeShape const&, tflite::SequentialTensorWriter&lang;bool&rang;*)
<LI><a href="#[2c5]">&gt;&gt;</a>&nbsp;&nbsp;&nbsp;void tflite::reference_ops::StridedSlice&lang;int&rang;(tflite::StridedSliceParams const&, tflite::RuntimeShape const&, tflite::RuntimeShape const&, tflite::SequentialTensorWriter&lang;int&rang;*)
<LI><a href="#[2c4]">&gt;&gt;</a>&nbsp;&nbsp;&nbsp;void tflite::reference_ops::StridedSlice&lang;float&rang;(tflite::StridedSliceParams const&, tflite::RuntimeShape const&, tflite::RuntimeShape const&, tflite::SequentialTensorWriter&lang;float&rang;*)
<LI><a href="#[1b5]">&gt;&gt;</a>&nbsp;&nbsp;&nbsp;abort
</UL>
<BR>[Address Reference Count : 1]<UL><LI> strided_slice.o(.text._ZN6tflite22Register_STRIDED_SLICEEv)
</UL>
<P><STRONG><a name="[f9]"></a>tflite::(anonymous namespace)::TransposePrepare(TfLiteContext*, TfLiteNode*)</STRONG> (Thumb, 504 bytes, Stack size 48 bytes, transpose.o(.text._ZN6tflite12_GLOBAL__N_116TransposePrepareEP13TfLiteContextP10TfLiteNode))
<BR><BR>[Stack]<UL><LI>Max Depth = 48<LI>Call Chain = tflite::(anonymous namespace)::TransposePrepare(TfLiteContext*, TfLiteNode*)
</UL>
<BR>[Calls]<UL><LI><a href="#[2ac]">&gt;&gt;</a>&nbsp;&nbsp;&nbsp;TfLiteTypeGetName
<LI><a href="#[29b]">&gt;&gt;</a>&nbsp;&nbsp;&nbsp;tflite::MicroContext::AllocateTempOutputTensor(TfLiteNode const*, int)
<LI><a href="#[29a]">&gt;&gt;</a>&nbsp;&nbsp;&nbsp;tflite::MicroContext::AllocateTempInputTensor(TfLiteNode const*, int)
</UL>
<BR>[Address Reference Count : 1]<UL><LI> transpose.o(.text._ZN6tflite18Register_TRANSPOSEEv)
</UL>
<P><STRONG><a name="[fa]"></a>tflite::(anonymous namespace)::TransposeEval(TfLiteContext*, TfLiteNode*)</STRONG> (Thumb, 420 bytes, Stack size 176 bytes, transpose.o(.text._ZN6tflite12_GLOBAL__N_113TransposeEvalEP13TfLiteContextP10TfLiteNode))
<BR><BR>[Stack]<UL><LI>Max Depth = 616 + Unknown Stack Size
<LI>Call Chain = tflite::(anonymous namespace)::TransposeEval(TfLiteContext*, TfLiteNode*) &rArr; MicroPrintf(char const*, ...) &rArr; (anonymous namespace)::VDebugLog(char const*, ...) &rArr; DebugLog &rArr; vsnprintf &rArr; _printf_char_common &rArr; __printf
</UL>
<BR>[Calls]<UL><LI><a href="#[295]">&gt;&gt;</a>&nbsp;&nbsp;&nbsp;MicroPrintf(char const*, ...)
<LI><a href="#[2ac]">&gt;&gt;</a>&nbsp;&nbsp;&nbsp;TfLiteTypeGetName
<LI><a href="#[2bc]">&gt;&gt;</a>&nbsp;&nbsp;&nbsp;void tflite::reference_ops::transpose_internal::TransposeImpl&lang;signed char&rang;(int, int, int const*, signed char const*, int const*, signed char*, int const*, int const*)
<LI><a href="#[2bd]">&gt;&gt;</a>&nbsp;&nbsp;&nbsp;void tflite::reference_ops::transpose_internal::TransposeImpl&lang;int&rang;(int, int, int const*, int const*, int const*, int*, int const*, int const*)
<LI><a href="#[2af]">&gt;&gt;</a>&nbsp;&nbsp;&nbsp;tflite::micro::GetTensorShape(TfLiteEvalTensor const*)
<LI><a href="#[2ab]">&gt;&gt;</a>&nbsp;&nbsp;&nbsp;tflite::micro::GetEvalOutput(TfLiteContext const*, TfLiteNode const*, int)
<LI><a href="#[2aa]">&gt;&gt;</a>&nbsp;&nbsp;&nbsp;tflite::micro::GetEvalInput(TfLiteContext const*, TfLiteNode const*, int)
<LI><a href="#[1b5]">&gt;&gt;</a>&nbsp;&nbsp;&nbsp;abort
</UL>
<BR>[Address Reference Count : 1]<UL><LI> transpose.o(.text._ZN6tflite18Register_TRANSPOSEEv)
</UL>
<P><STRONG><a name="[e6]"></a>tflite::(anonymous namespace)::UnpackEval(TfLiteContext*, TfLiteNode*)</STRONG> (Thumb, 844 bytes, Stack size 48 bytes, unpack.o(.text._ZN6tflite12_GLOBAL__N_110UnpackEvalEP13TfLiteContextP10TfLiteNode))
<BR><BR>[Stack]<UL><LI>Max Depth = 488 + Unknown Stack Size
<LI>Call Chain = tflite::(anonymous namespace)::UnpackEval(TfLiteContext*, TfLiteNode*) &rArr; MicroPrintf(char const*, ...) &rArr; (anonymous namespace)::VDebugLog(char const*, ...) &rArr; DebugLog &rArr; vsnprintf &rArr; _printf_char_common &rArr; __printf
</UL>
<BR>[Calls]<UL><LI><a href="#[295]">&gt;&gt;</a>&nbsp;&nbsp;&nbsp;MicroPrintf(char const*, ...)
<LI><a href="#[2ac]">&gt;&gt;</a>&nbsp;&nbsp;&nbsp;TfLiteTypeGetName
<LI><a href="#[2ab]">&gt;&gt;</a>&nbsp;&nbsp;&nbsp;tflite::micro::GetEvalOutput(TfLiteContext const*, TfLiteNode const*, int)
<LI><a href="#[2aa]">&gt;&gt;</a>&nbsp;&nbsp;&nbsp;tflite::micro::GetEvalInput(TfLiteContext const*, TfLiteNode const*, int)
<LI><a href="#[1b5]">&gt;&gt;</a>&nbsp;&nbsp;&nbsp;abort
</UL>
<BR>[Address Reference Count : 1]<UL><LI> unpack.o(.text._ZN6tflite15Register_UNPACKEv)
</UL>
<P><STRONG><a name="[33f]"></a>tflite::(anonymous namespace)::GetOrdinalCharacter(int)</STRONG> (Thumb, 58 bytes, Stack size 0 bytes, greedy_memory_planner.o(.text._ZN6tflite12_GLOBAL__N_119GetOrdinalCharacterEi))
<BR><BR>[Called By]<UL><LI><a href="#[12c]">&gt;&gt;</a>&nbsp;&nbsp;&nbsp;tflite::GreedyMemoryPlanner::PrintMemoryPlan()
</UL>

<P><STRONG><a name="[dc]"></a>tflite::(anonymous namespace)::MicroBuiltinDataAllocator::Allocate(unsigned int, unsigned int)</STRONG> (Thumb, 8 bytes, Stack size 0 bytes, micro_allocator.o(.text._ZN6tflite12_GLOBAL__N_125MicroBuiltinDataAllocator8AllocateEjj))
<BR>[Address Reference Count : 1]<UL><LI> micro_allocator.o(.text._ZN6tflite14MicroAllocator20StartModelAllocationEPKNS_5ModelE)
</UL>
<P><STRONG><a name="[dd]"></a>tflite::(anonymous namespace)::MicroBuiltinDataAllocator::Deallocate(void*)</STRONG> (Thumb, 2 bytes, Stack size 0 bytes, micro_allocator.o(.text._ZN6tflite12_GLOBAL__N_125MicroBuiltinDataAllocator10DeallocateEPv))
<BR>[Address Reference Count : 1]<UL><LI> micro_allocator.o(.text._ZN6tflite14MicroAllocator20StartModelAllocationEPKNS_5ModelE)
</UL>
<P><STRONG><a name="[df]"></a>tflite::(anonymous namespace)::MicroBuiltinDataAllocator::~MicroBuiltinDataAllocator__deallocating()</STRONG> (Thumb, 2 bytes, Stack size 0 bytes, micro_allocator.o(.text._ZN6tflite12_GLOBAL__N_125MicroBuiltinDataAllocatorD0Ev))
<BR>[Address Reference Count : 1]<UL><LI> micro_allocator.o(.text._ZN6tflite14MicroAllocator20StartModelAllocationEPKNS_5ModelE)
</UL>
<P><STRONG><a name="[2a7]"></a>tflite::(anonymous namespace)::CreatePlan(tflite::MicroMemoryPlanner*, tflite::AllocationInfo const*, unsigned int)</STRONG> (Thumb, 124 bytes, Stack size 32 bytes, micro_allocator.o(.text._ZN6tflite12_GLOBAL__N_110CreatePlanEPNS_18MicroMemoryPlannerEPKNS_14AllocationInfoEj))
<BR><BR>[Stack]<UL><LI>Max Depth = 32<LI>Call Chain = tflite::(anonymous namespace)::CreatePlan(tflite::MicroMemoryPlanner*, tflite::AllocationInfo const*, unsigned int)
</UL>
<BR>[Calls]<UL><LI><a href="#[2a8]">&gt;&gt;</a>&nbsp;&nbsp;&nbsp;tflite::AlignSizeUp(unsigned int, unsigned int)
</UL>
<BR>[Called By]<UL><LI><a href="#[11e]">&gt;&gt;</a>&nbsp;&nbsp;&nbsp;tflite::MicroAllocator::CommitStaticMemoryPlan(tflite::Model const*, tflite::SubgraphAllocations*, tflite::ScratchBufferHandle*)
</UL>

<P><STRONG><a name="[320]"></a>tflite::(anonymous namespace)::CommitPlan(tflite::MicroMemoryPlanner*, unsigned char*, tflite::AllocationInfo const*, unsigned int)</STRONG> (Thumb, 110 bytes, Stack size 40 bytes, micro_allocator.o(.text._ZN6tflite12_GLOBAL__N_110CommitPlanEPNS_18MicroMemoryPlannerEPhPKNS_14AllocationInfoEj))
<BR><BR>[Stack]<UL><LI>Max Depth = 40<LI>Call Chain = tflite::(anonymous namespace)::CommitPlan(tflite::MicroMemoryPlanner*, unsigned char*, tflite::AllocationInfo const*, unsigned int)
</UL>
<BR>[Called By]<UL><LI><a href="#[11e]">&gt;&gt;</a>&nbsp;&nbsp;&nbsp;tflite::MicroAllocator::CommitStaticMemoryPlan(tflite::Model const*, tflite::SubgraphAllocations*, tflite::ScratchBufferHandle*)
</UL>

<P><STRONG><a name="[296]"></a>(anonymous namespace)::VDebugLog(char const*, ...)</STRONG> (Thumb, 32 bytes, Stack size 24 bytes, micro_log.o(.text._ZN12_GLOBAL__N_19VDebugLogEPKcz))
<BR><BR>[Stack]<UL><LI>Max Depth = 416 + Unknown Stack Size
<LI>Call Chain = (anonymous namespace)::VDebugLog(char const*, ...) &rArr; DebugLog &rArr; vsnprintf &rArr; _printf_char_common &rArr; __printf
</UL>
<BR>[Calls]<UL><LI><a href="#[1f4]">&gt;&gt;</a>&nbsp;&nbsp;&nbsp;DebugLog
</UL>
<BR>[Called By]<UL><LI><a href="#[295]">&gt;&gt;</a>&nbsp;&nbsp;&nbsp;MicroPrintf(char const*, ...)
<LI><a href="#[297]">&gt;&gt;</a>&nbsp;&nbsp;&nbsp;VMicroPrintf(char const*, std::__va_list)
</UL>

<P><STRONG><a name="[b4]"></a>_printf_input_char</STRONG> (Thumb, 10 bytes, Stack size 0 bytes, _printf_char_common.o(.text))
<BR>[Address Reference Count : 1]<UL><LI> _printf_char_common.o(.text)
</UL>
<P><STRONG><a name="[1d2]"></a>_fp_digits</STRONG> (Thumb, 432 bytes, Stack size 96 bytes, _printf_fp_dec.o(.text))
<BR><BR>[Stack]<UL><LI>Max Depth = 220<LI>Call Chain = _fp_digits &rArr; _btod_etento &rArr; _btod_emul &rArr; _e2e
</UL>
<BR>[Calls]<UL><LI><a href="#[1c9]">&gt;&gt;</a>&nbsp;&nbsp;&nbsp;_ll_udiv10
<LI><a href="#[1d6]">&gt;&gt;</a>&nbsp;&nbsp;&nbsp;_btod_emul
<LI><a href="#[1d5]">&gt;&gt;</a>&nbsp;&nbsp;&nbsp;_btod_ediv
<LI><a href="#[1d4]">&gt;&gt;</a>&nbsp;&nbsp;&nbsp;_btod_d2e
<LI><a href="#[1d3]">&gt;&gt;</a>&nbsp;&nbsp;&nbsp;_btod_etento
</UL>
<BR>[Called By]<UL><LI><a href="#[1d7]">&gt;&gt;</a>&nbsp;&nbsp;&nbsp;_printf_fp_dec_real
</UL>
<P>
<H3>
Undefined Global Symbols
</H3><HR></body></html>
