<html>
<body>
<pre>
<h1>µVision Build Log</h1>
<h2>Tool Versions:</h2>
IDE-Version: µVision V5.38.0.0
Copyright (C) 2022 ARM Ltd and ARM Germany GmbH. All rights reserved.
License Information: Ruslan Borisov, No, LIC=TA39H-WULNU-9ZHWW-QDFKD-YUSXN-ZJ4AX
 
Tool Versions:
Toolchain:       MDK-ARM Professional  Version: 5.38.0.0
Toolchain Path:  C:\Keil_v5\ARM\ARMCLANG\Bin
C Compiler:      ArmClang.exe V6.19
Assembler:       Armasm.exe V6.19
Linker/Locator:  ArmLink.exe V6.19
Library Manager: ArmAr.exe V6.19
Hex Converter:   FromElf.exe V6.19
CPU DLL:         SARMCM3.DLL V5.38.0.0
Dialog DLL:      DCM.DLL V1.17.5.0
Target DLL:      STLink\ST-LINKIII-KEIL_SWO.dll V3.1.0.0
Dialog DLL:      TCM.DLL V1.56.4.0
 
<h2>Project:</h2>
K:\1.STM32H7\stm32h750_TFLM_v8\MDK-ARM\TFLite_Micro_stm32h750.uvprojx
Project File Date:  03/15/2026

<h2>Output:</h2>
*** Using Compiler 'V6.19', folder: 'C:\Keil_v5\ARM\ARMCLANG\Bin'
Rebuild target 'TFLite_Micro_stm32h750_use'
Note: source file 'C:/Users/rus/AppData/Local/Arm/Packs/tensorflow/tensorflow-lite-micro/1.25.2/tensorflow/lite/kernels/internal/common.cpp' - object file renamed from '.\TFLite_Micro_stm32h750\common.o' to '.\TFLite_Micro_stm32h750\common_1.o'.
Note: source file 'C:/Users/rus/AppData/Local/Arm/Packs/tensorflow/tensorflow-lite-micro/1.25.2/tensorflow/lite/kernels/internal/reference/portable_tensor_utils.cpp' - object file renamed from '.\TFLite_Micro_stm32h750\portable_tensor_utils.o' to '.\TFLite_Micro_stm32h750\portable_tensor_utils_1.o'.
Note: source file 'C:/Users/rus/AppData/Local/Arm/Packs/tensorflow/tensorflow-lite-micro/1.25.2/tensorflow/lite/kernels/internal/tensor_utils.cpp' - object file renamed from '.\TFLite_Micro_stm32h750\tensor_utils.o' to '.\TFLite_Micro_stm32h750\tensor_utils_1.o'.
Note: source file 'C:/Users/rus/AppData/Local/Arm/Packs/tensorflow/tensorflow-lite-micro/1.25.2/tensorflow/lite/micro/kernels/comparisons.cpp' - object file renamed from '.\TFLite_Micro_stm32h750\comparisons.o' to '.\TFLite_Micro_stm32h750\comparisons_1.o'.
Note: source file 'C:/Users/rus/AppData/Local/Arm/Packs/tensorflow/tensorflow-lite-micro/1.25.2/tensorflow/lite/micro/kernels/kernel_util.cpp' - object file renamed from '.\TFLite_Micro_stm32h750\kernel_util.o' to '.\TFLite_Micro_stm32h750\kernel_util_1.o'.
assembling startup_stm32h750xx.s...
compiling stm32h7xx_it.c...
compiling i2c.c...
compiling debug.c...
compiling stm32h7xx_hal_msp.c...
compiling dma.c...
compiling gpio.c...
compiling usart.c...
compiling spi.c...
compiling dcmi.c...
compiling tim.c...
compiling main.c...
compiling stm32h7xx_hal_cortex.c...
compiling stm32h7xx_hal_dcmi.c...
compiling stm32h7xx_hal_flash.c...
compiling stm32h7xx_hal_flash_ex.c...
compiling stm32h7xx_hal_rcc.c...
compiling stm32h7xx_hal_hsem.c...
compiling stm32h7xx_hal_gpio.c...
compiling stm32h7xx_hal_rcc_ex.c...
compiling stm32h7xx_hal_pwr.c...
compiling stm32h7xx_hal_dma_ex.c...
compiling stm32h7xx_hal_pwr_ex.c...
compiling stm32h7xx_hal_mdma.c...
compiling stm32h7xx_hal.c...
compiling stm32h7xx_hal_i2c_ex.c...
compiling stm32h7xx_hal_exti.c...
compiling stm32h7xx_hal_dma.c...
compiling stm32h7xx_hal_spi_ex.c...
compiling system_stm32h7xx.c...
compiling ov2640_regs.c...
compiling stm32h7xx_hal_uart_ex.c...
compiling stm32h7xx_hal_tim_ex.c...
compiling stm32h7xx_hal_spi.c...
compiling ov2640.c...
compiling camera.c...
compiling ov7670.c...
compiling ov7725_regs.c...
compiling ov7670_regs.c...
compiling ov7725.c...
compiling ov5640.c...
compiling ov5640_regs.c...
compiling stm32h7xx_hal_uart.c...
compiling st7735_reg.c...
compiling stm32h7xx_hal_i2c.c...
compiling logo_160_80.c...
compiling st7735.c...
compiling stm32h7xx_hal_tim.c...
compiling common_use.c...
compiling lcd.c...
compiling BayesFunctions.c...
compiling BasicMathFunctionsF16.c...
compiling BayesFunctionsF16.c...
compiling use_main.cpp...
compiling uart_use.cpp...
compiling ControllerFunctions.c...
compiling ComplexMathFunctionsF16.c...
compiling BasicMathFunctions.c...
compiling ComplexMathFunctions.c...
compiling DistanceFunctionsF16.c...
compiling CommonTablesF16.c...
compiling FastMathFunctionsF16.c...
compiling DistanceFunctions.c...
compiling FastMathFunctions.c...
compiling CommonTables.c...
compiling InterpolationFunctionsF16.c...
compiling InterpolationFunctions.c...
compiling QuaternionMathFunctions.c...
compiling FilteringFunctionsF16.c...
compiling SVMFunctions.c...
compiling SupportFunctionsF16.c...
compiling StatisticsFunctionsF16.c...
compiling SupportFunctions.c...
compiling MatrixFunctionsF16.c...
compiling SVMFunctionsF16.c...
compiling TransformFunctionsF16.c...
compiling StatisticsFunctions.c...
compiling MatrixFunctions.c...
compiling arm_nn_activation_s16.c...
compiling arm_relu_q15.c...
compiling arm_relu6_s8.c...
compiling arm_elementwise_add_s16.c...
compiling arm_relu_q7.c...
compiling arm_elementwise_mul_acc_s16.c...
compiling arm_elementwise_add_s8.c...
compiling WindowFunctions.c...
compiling arm_elementwise_mul_s16.c...
compiling arm_elementwise_mul_s16_batch_offset.c...
compiling arm_elementwise_mul_s16_s8.c...
compiling arm_elementwise_mul_s8.c...
compiling arm_maximum_s8.c...
compiling arm_concatenation_s8_x.c...
compiling arm_concatenation_s8_w.c...
compiling arm_concatenation_s8_y.c...
compiling arm_minimum_s8.c...
compiling arm_convolve_1_x_n_s4.c...
compiling arm_concatenation_s8_z.c...
compiling arm_convolve_1_x_n_s8.c...
compiling arm_convolve_1x1_s4_fast.c...
compiling arm_convolve_1x1_s4.c...
compiling TransformFunctions.c...
compiling arm_convolve_1x1_s8.c...
compiling arm_convolve_even_s4.c...
compiling arm_convolve_get_buffer_sizes_s16.c...
compiling arm_convolve_1x1_s8_fast.c...
compiling arm_convolve_get_buffer_sizes_s8.c...
compiling arm_convolve_get_buffer_sizes_s4.c...
compiling arm_convolve_wrapper_s16.c...
compiling arm_convolve_s16.c...
compiling arm_convolve_s4.c...
compiling arm_convolve_s8.c...
compiling arm_convolve_wrapper_s4.c...
compiling FilteringFunctions.c...
compiling arm_convolve_wrapper_s8.c...
compiling arm_depthwise_conv_get_buffer_sizes_s4.c...
compiling arm_depthwise_conv_get_buffer_sizes_s16.c...
compiling arm_depthwise_conv_3x3_s8.c...
compiling arm_depthwise_conv_fast_s16.c...
compiling arm_depthwise_conv_get_buffer_sizes_s8.c...
compiling arm_depthwise_conv_s16.c...
compiling arm_depthwise_conv_wrapper_s4.c...
compiling arm_depthwise_conv_wrapper_s16.c...
compiling arm_depthwise_conv_wrapper_s8.c...
compiling arm_depthwise_conv_s8_opt.c...
compiling arm_depthwise_conv_s8.c...
compiling arm_nn_depthwise_conv_s8_core.c...
compiling arm_depthwise_conv_s4_opt.c...
compiling arm_nn_mat_mult_kernel_row_offset_s8_s16.c...
compiling arm_depthwise_conv_s4.c...
compiling arm_nn_mat_mult_kernel_s16.c...
compiling arm_nn_mat_mult_kernel_s4_s16.c...
compiling arm_nn_mat_mult_s8.c...
compiling arm_transpose_conv_get_buffer_sizes_s8.c...
compiling arm_transpose_conv_s8.c...
compiling arm_nn_mat_mult_kernel_s8_s16.c...
compiling arm_batch_matmul_s16.c...
compiling arm_transpose_conv_wrapper_s8.c...
compiling arm_batch_matmul_s8.c...
compiling arm_fully_connected_get_buffer_sizes_s8.c...
compiling arm_fully_connected_get_buffer_sizes_s16.c...
compiling arm_fully_connected_s16.c...
compiling arm_fully_connected_s4.c...
compiling arm_fully_connected_per_channel_s8.c...
compiling arm_fully_connected_wrapper_s8.c...
compiling arm_fully_connected_s8.c...
compiling arm_lstm_unidirectional_s16.c...
compiling arm_vector_sum_s8.c...
compiling arm_vector_sum_s8_s64.c...
compiling arm_lstm_unidirectional_s8.c...
compiling arm_nn_lstm_calculate_gate_s16.c...
compiling arm_nn_depthwise_conv_nt_t_s4.c...
compiling arm_nn_depthwise_conv_nt_t_padded_s8.c...
compiling arm_nn_depthwise_conv_nt_t_s16.c...
compiling arm_nn_depthwise_conv_nt_t_s8.c...
compiling arm_nn_lstm_calculate_gate_s8_s16.c...
compiling arm_nn_lstm_step_s16.c...
compiling arm_nn_mat_mul_core_1x_s4.c...
compiling arm_nn_mat_mul_core_1x_s8.c...
compiling arm_nn_lstm_step_s8.c...
compiling arm_nn_mat_mul_core_4x_s8.c...
compiling arm_nn_mat_mult_nt_t_s16.c...
compiling ProcessModel.cpp...
compiling arm_nn_mat_mult_nt_t_s8_s32.c...
compiling arm_nn_mat_mult_nt_t_s8.c...
compiling arm_nn_transpose_conv_row_s8_s32.c...
compiling arm_nn_vec_mat_mul_result_acc_s16.c...
compiling arm_nn_vec_mat_mul_result_acc_s8_s16.c...
compiling arm_nn_vec_mat_mult_t_s16_s16.c...
compiling arm_nn_vec_mat_mult_t_s16.c...
compiling arm_nn_vec_mat_mult_t_per_ch_s8.c...
compiling arm_nn_mat_mult_nt_interleaved_t_even_s4.c...
compiling arm_nn_vec_mat_mult_t_s4.c...
compiling arm_nn_vec_mat_mult_t_svdf_s8.c...
compiling arm_nn_mat_mult_nt_t_s4.c...
compiling arm_nn_vec_mat_mult_t_s8.c...
compiling arm_nntables.c...
compiling arm_q7_to_q15_with_offset.c...
compiling arm_avgpool_get_buffer_sizes_s16.c...
compiling arm_avgpool_get_buffer_sizes_s8.c...
compiling arm_s8_to_s16_unordered_with_offset.c...
compiling arm_pad_s8.c...
compiling arm_avgpool_s16.c...
compiling arm_svdf_get_buffer_sizes_s8.c...
compiling arm_reshape_s8.c...
compiling arm_avgpool_s8.c...
compiling arm_max_pool_s16.c...
compiling arm_max_pool_s8.c...
compiling arm_svdf_s8.c...
compiling arm_svdf_state_s16_s8.c...
compiling arm_softmax_s8.c...
compiling arm_softmax_s8_s16.c...
compiling arm_softmax_s16.c...
compiling arm_nn_softmax_common_s8.c...
compiling error_reporter.cpp...
compiling arm_transpose_s8.c...
compiling kiss_fftr.c...
compiling arm_softmax_u8.c...
compiling kiss_fft.c...
compiling tensor_utils.cpp...
compiling common.cpp...
compiling runtime_shape.cpp...
compiling portable_tensor_utils.cpp...
compiling quantization_util.cpp...
compiling common.cpp...
compiling tensor_ctypes.cpp...
compiling tensor_utils.cpp...
compiling comparisons.cpp...
compiling recording_single_arena_buffer_allocator.cpp...
compiling kernel_util.cpp...
compiling hexdump.cpp...
compiling portable_tensor_utils.cpp...
compiling schema_utils.cpp...
compiling non_persistent_arena_buffer_allocator.cpp...
compiling persistent_arena_buffer_allocator.cpp...
compiling single_arena_buffer_allocator.cpp...
compiling fake_micro_context.cpp...
compiling flatbuffer_utils.cpp...
compiling flatbuffer_conversions.cpp...
compiling activations.cpp...
compiling activations_common.cpp...
compiling add_common.cpp...
compiling arg_min_max.cpp...
compiling add_n.cpp...
compiling assign_variable.cpp...
compiling batch_to_space_nd.cpp...
compiling batch_matmul_common.cpp...
compiling broadcast_args.cpp...
compiling broadcast_to.cpp...
compiling call_once.cpp...
compiling cast.cpp...
compiling ceil.cpp...
compiling circular_buffer.cpp...
compiling circular_buffer_common.cpp...
compiling batch_matmul.cpp...
compiling add.cpp...
compiling conv.cpp...
compiling depthwise_conv.cpp...
compiling fully_connected.cpp...
compiling pooling.cpp...
compiling svdf.cpp...
compiling decompress_common.cpp...
compiling mul.cpp...
compiling maximum_minimum.cpp...
compiling decompress.cpp...
compiling softmax.cpp...
compiling transpose_conv.cpp...
compiling unidirectional_sequence_lstm.cpp...
compiling concatenation.cpp...
compiling conv_common.cpp...
compiling cumsum.cpp...
compiling comparisons.cpp...
compiling ethosu.cpp...
compiling dequantize.cpp...
compiling dequantize_common.cpp...
compiling depthwise_conv_common.cpp...
compiling depth_to_space.cpp...
compiling detection_postprocess.cpp...
compiling div.cpp...
compiling elementwise.cpp...
compiling elu.cpp...
compiling embedding_lookup.cpp...
compiling exp.cpp...
compiling expand_dims.cpp...
compiling floor.cpp...
compiling fill.cpp...
compiling fully_connected_common.cpp...
compiling floor_mod.cpp...
compiling floor_div.cpp...
compiling gather_nd.cpp...
compiling gather.cpp...
compiling hard_swish.cpp...
compiling hard_swish_common.cpp...
compiling if.cpp...
compiling kernel_runner.cpp...
compiling kernel_util.cpp...
compiling l2norm.cpp...
compiling l2_pool_2d.cpp...
compiling leaky_relu_common.cpp...
compiling leaky_relu.cpp...
compiling log_softmax.cpp...
compiling logical_common.cpp...
compiling micro_tensor_utils.cpp...
compiling logical.cpp...
compiling logistic.cpp...
compiling logistic_common.cpp...
compiling lstm_eval_common.cpp...
compiling lstm_eval.cpp...
compiling mirror_pad.cpp...
compiling neg.cpp...
compiling pack.cpp...
compiling mul_common.cpp...
compiling pad.cpp...
compiling prelu_common.cpp...
compiling pooling_common.cpp...
compiling prelu.cpp...
compiling quantize.cpp...
compiling quantize_common.cpp...
compiling read_variable.cpp...
compiling reduce.cpp...
compiling reshape.cpp...
compiling reshape_common.cpp...
compiling reduce_common.cpp...
compiling resize_bilinear.cpp...
compiling round.cpp...
compiling resize_nearest_neighbor.cpp...
compiling shape.cpp...
compiling slice.cpp...
compiling select.cpp...
compiling softmax_common.cpp...
compiling space_to_batch_nd.cpp...
compiling space_to_depth.cpp...
compiling split.cpp...
compiling split_v.cpp...
compiling squared_difference.cpp...
compiling squeeze.cpp...
compiling strided_slice_common.cpp...
compiling sub.cpp...
compiling sub_common.cpp...
compiling strided_slice.cpp...
compiling svdf_common.cpp...
compiling greedy_memory_planner.cpp...
compiling linear_memory_planner.cpp...
compiling non_persistent_buffer_planner_shim.cpp...
compiling tanh.cpp...
compiling transpose.cpp...
compiling micro_log.cpp...
compiling unpack.cpp...
compiling var_handle.cpp...
compiling micro_profiler.cpp...
compiling while.cpp...
compiling memory_helpers.cpp...
compiling zeros_like.cpp...
compiling micro_context.cpp...
compiling micro_allocation_info.cpp...
compiling micro_allocator.cpp...
compiling micro_interpreter.cpp...
compiling micro_interpreter_context.cpp...
compiling micro_error_reporter.cpp...
compiling debug_log.cpp...
compiling micro_interpreter_graph.cpp...
compiling micro_time.cpp...
compiling micro_op_resolver.cpp...
compiling system_setup.cpp...
compiling micro_resource_variable.cpp...
compiling micro_utils.cpp...
compiling mock_micro_graph.cpp...
compiling recording_micro_allocator.cpp...
compiling test_helper_custom_ops.cpp...
compiling flatbuffer_conversions_bridge.cpp...
compiling test_helpers.cpp...
linking...
.\TFLite_Micro_stm32h750\TFLite_Micro_stm32h750_use.sct(14): warning: L6314W: No section matches pattern *.o(.dtcm).
Program Size: Code=199062 RO-data=62338 RW-data=101704 ZI-data=60752  
Finished: 0 information, 1 warning and 0 error messages.
FromELF: creating hex file...
".\TFLite_Micro_stm32h750\TFLite_Micro_stm32h750.axf" - 0 Error(s), 1 Warning(s).

<h2>Software Packages used:</h2>

Package Vendor: ARM
                https://www.keil.com/pack/ARM.CMSIS.6.3.0.pack
                ARM.CMSIS.6.3.0
                CMSIS (Common Microcontroller Software Interface Standard)
   * Component: CORE Version: 6.2.0

Package Vendor: ARM
                https://www.keil.com/pack/ARM.CMSIS-DSP.1.17.0.pack
                ARM.CMSIS-DSP.1.17.0
                CMSIS Embedded Compute Library
   * Component: DSP Variant: Source Version: 1.17.0

Package Vendor: ARM
                https://www.keil.com/pack/ARM.CMSIS-NN.7.0.0.pack
                ARM.CMSIS-NN.7.0.0
                CMSIS NN software library of efficient neural network kernels
   * Component: NN Lib Version: 7.0.0

Package Vendor: tensorflow
                https://github.com/MDK-Packs/tensorflow-pack/releases/download/1.25.2/tensorflow.flatbuffers.1.25.2.pack
                tensorflow.flatbuffers.1.25.2
                FlatBuffers: Memory Efficient Serialization Library
   * Component: flatbuffers Variant: tensorflow Version: 1.25.2

Package Vendor: tensorflow
                https://github.com/MDK-Packs/tensorflow-pack/releases/download/1.25.2/tensorflow.gemmlowp.1.25.2.pack
                tensorflow.gemmlowp.1.25.2
                a small self-contained low-precision GEMM library
   * Component: gemmlowp fixed-point Variant: tensorflow Version: 1.25.2

Package Vendor: tensorflow
                https://github.com/MDK-Packs/tensorflow-pack/releases/download/1.25.2/tensorflow.kissfft.1.25.2.pack
                tensorflow.kissfft.1.25.2
                Fast Fourier Transform (FFT) library that tries to Keep it Simple, Stupid
   * Component: kissfft Variant: tensorflow Version: 1.25.2

Package Vendor: tensorflow
                https://github.com/MDK-Packs/tensorflow-pack/releases/download/1.25.2/tensorflow.ruy.1.25.2.pack
                tensorflow.ruy.1.25.2
                The ruy matrix multiplication library
   * Component: ruy Variant: tensorflow Version: 1.25.2

Package Vendor: tensorflow
                https://github.com/MDK-Packs/tensorflow-pack/releases/download/1.25.2/tensorflow.tensorflow-lite-micro.1.25.2.pack
                tensorflow.tensorflow-lite-micro.1.25.2
                LiteRT, formerly known as TensorFlow Lite, is Google's high-performance runtime for on-device AI.
   * Component: Kernel Utils Version: 1.25.2
   * Component: Kernel Variant: CMSIS-NN Version: 1.25.2

Package Vendor: Keil
                https://www.keil.com/pack/Keil.STM32H7xx_DFP.4.1.3.pack
                Keil.STM32H7xx_DFP.4.1.3
                STMicroelectronics STM32H7 Series Device Support

<h2>Collection of Component include folders:</h2>
  ./RTE/_TFLite_Micro_stm32h750_use
  C:/Users/rus/AppData/Local/Arm/Packs/ARM/CMSIS-DSP/1.17.0/Include
  C:/Users/rus/AppData/Local/Arm/Packs/ARM/CMSIS-DSP/1.17.0/PrivateInclude
  C:/Users/rus/AppData/Local/Arm/Packs/ARM/CMSIS-NN/7.0.0/Include
  C:/Users/rus/AppData/Local/Arm/Packs/ARM/CMSIS/6.3.0/CMSIS/Core/Include
  C:/Users/rus/AppData/Local/Arm/Packs/tensorflow/flatbuffers/1.25.2/src/include
  C:/Users/rus/AppData/Local/Arm/Packs/tensorflow/gemmlowp/1.25.2/src
  C:/Users/rus/AppData/Local/Arm/Packs/tensorflow/kissfft/1.25.2/src
  C:/Users/rus/AppData/Local/Arm/Packs/tensorflow/kissfft/1.25.2/src/tools
  C:/Users/rus/AppData/Local/Arm/Packs/tensorflow/ruy/1.25.2/src
  C:/Users/rus/AppData/Local/Arm/Packs/tensorflow/tensorflow-lite-micro/1.25.2
  C:/Users/rus/AppData/Local/Arm/Packs/tensorflow/tensorflow-lite-micro/1.25.2/tensorflow/compiler/mlir/lite/core/api
  C:/Users/rus/AppData/Local/Arm/Packs/tensorflow/tensorflow-lite-micro/1.25.2/tensorflow/compiler/mlir/lite/core/c
  C:/Users/rus/AppData/Local/Arm/Packs/tensorflow/tensorflow-lite-micro/1.25.2/tensorflow/compiler/mlir/lite/kernels/internal
  C:/Users/rus/AppData/Local/Arm/Packs/tensorflow/tensorflow-lite-micro/1.25.2/tensorflow/compiler/mlir/lite/schema
  C:/Users/rus/AppData/Local/Arm/Packs/tensorflow/tensorflow-lite-micro/1.25.2/tensorflow/lite
  C:/Users/rus/AppData/Local/Arm/Packs/tensorflow/tensorflow-lite-micro/1.25.2/tensorflow/lite/c
  C:/Users/rus/AppData/Local/Arm/Packs/tensorflow/tensorflow-lite-micro/1.25.2/tensorflow/lite/core
  C:/Users/rus/AppData/Local/Arm/Packs/tensorflow/tensorflow-lite-micro/1.25.2/tensorflow/lite/core/api
  C:/Users/rus/AppData/Local/Arm/Packs/tensorflow/tensorflow-lite-micro/1.25.2/tensorflow/lite/core/c
  C:/Users/rus/AppData/Local/Arm/Packs/tensorflow/tensorflow-lite-micro/1.25.2/tensorflow/lite/kernels
  C:/Users/rus/AppData/Local/Arm/Packs/tensorflow/tensorflow-lite-micro/1.25.2/tensorflow/lite/kernels/internal
  C:/Users/rus/AppData/Local/Arm/Packs/tensorflow/tensorflow-lite-micro/1.25.2/tensorflow/lite/kernels/internal/optimized
  C:/Users/rus/AppData/Local/Arm/Packs/tensorflow/tensorflow-lite-micro/1.25.2/tensorflow/lite/kernels/internal/reference
  C:/Users/rus/AppData/Local/Arm/Packs/tensorflow/tensorflow-lite-micro/1.25.2/tensorflow/lite/kernels/internal/reference/integer_ops
  C:/Users/rus/AppData/Local/Arm/Packs/tensorflow/tensorflow-lite-micro/1.25.2/tensorflow/lite/micro
  C:/Users/rus/AppData/Local/Arm/Packs/tensorflow/tensorflow-lite-micro/1.25.2/tensorflow/lite/micro/arena_allocator
  C:/Users/rus/AppData/Local/Arm/Packs/tensorflow/tensorflow-lite-micro/1.25.2/tensorflow/lite/micro/cortex_m_generic
  C:/Users/rus/AppData/Local/Arm/Packs/tensorflow/tensorflow-lite-micro/1.25.2/tensorflow/lite/micro/kernels
  C:/Users/rus/AppData/Local/Arm/Packs/tensorflow/tensorflow-lite-micro/1.25.2/tensorflow/lite/micro/memory_planner
  C:/Users/rus/AppData/Local/Arm/Packs/tensorflow/tensorflow-lite-micro/1.25.2/tensorflow/lite/micro/tflite_bridge
  C:/Users/rus/AppData/Local/Arm/Packs/tensorflow/tensorflow-lite-micro/1.25.2/tensorflow/lite/schema

<h2>Collection of Component Files used:</h2>

   * Component: ARM::CMSIS:CORE:6.2.0

   * Component: ARM::CMSIS:DSP:Source:1.17.0
      Include file:  Include/arm_const_structs.h
      Include file:  Include/arm_math.h
      Include file:  Include/arm_math_f16.h
      Include file:  Include/arm_common_tables.h
      Include file:  Include/arm_common_tables_f16.h
      Source file:   Source/DistanceFunctions/DistanceFunctionsF16.c
      Source file:   Source/StatisticsFunctions/StatisticsFunctions.c
      Source file:   Source/CommonTables/CommonTablesF16.c
      Source file:   Source/WindowFunctions/WindowFunctions.c
      Source file:   Source/BayesFunctions/BayesFunctions.c
      Source file:   Source/ComplexMathFunctions/ComplexMathFunctions.c
      Source file:   Source/DistanceFunctions/DistanceFunctions.c
      Source file:   Source/InterpolationFunctions/InterpolationFunctions.c
      Source file:   Source/TransformFunctions/TransformFunctionsF16.c
      Source file:   Source/MatrixFunctions/MatrixFunctionsF16.c
      Source file:   Source/ComplexMathFunctions/ComplexMathFunctionsF16.c
      Source file:   Source/BayesFunctions/BayesFunctionsF16.c
      Source file:   Source/MatrixFunctions/MatrixFunctions.c
      Source file:   Source/FilteringFunctions/FilteringFunctionsF16.c
      Source file:   Source/FastMathFunctions/FastMathFunctions.c
      Source file:   Source/SVMFunctions/SVMFunctionsF16.c
      Source file:   Source/BasicMathFunctions/BasicMathFunctions.c
      Source file:   Source/InterpolationFunctions/InterpolationFunctionsF16.c
      Source file:   Source/FilteringFunctions/FilteringFunctions.c
      Source file:   Source/CommonTables/CommonTables.c
      Source file:   Source/SupportFunctions/SupportFunctions.c
      Source file:   Source/SVMFunctions/SVMFunctions.c
      Source file:   Source/ControllerFunctions/ControllerFunctions.c
      Source file:   Source/BasicMathFunctions/BasicMathFunctionsF16.c
      Source file:   Source/StatisticsFunctions/StatisticsFunctionsF16.c
      Source file:   Source/FastMathFunctions/FastMathFunctionsF16.c
      Source file:   Source/TransformFunctions/TransformFunctions.c
      Source file:   Source/QuaternionMathFunctions/QuaternionMathFunctions.c
      Include file:  Include/arm_const_structs_f16.h
      Source file:   Source/SupportFunctions/SupportFunctionsF16.c

   * Component: ARM::CMSIS:NN Lib:7.0.0
      Source file:   Source/ConvolutionFunctions/arm_convolve_wrapper_s8.c
      Source file:   Source/ConvolutionFunctions/arm_convolve_wrapper_s16.c
      Source file:   Source/ConcatenationFunctions/arm_concatenation_s8_y.c
      Source file:   Source/ConcatenationFunctions/arm_concatenation_s8_z.c
      Source file:   Source/ConvolutionFunctions/arm_transpose_conv_s8.c
      Source file:   Source/BasicMathFunctions/arm_elementwise_mul_s16_batch_offset.c
      Source file:   Source/BasicMathFunctions/arm_elementwise_mul_acc_s16.c
      Source file:   Source/ConvolutionFunctions/arm_convolve_get_buffer_sizes_s4.c
      Source file:   Source/PoolingFunctions/arm_max_pool_s8.c
      Source file:   Source/ConvolutionFunctions/arm_nn_depthwise_conv_s8_core.c
      Source file:   Source/SVDFunctions/arm_svdf_state_s16_s8.c
      Source file:   Source/BasicMathFunctions/arm_elementwise_add_s8.c
      Source file:   Source/BasicMathFunctions/arm_elementwise_add_s16.c
      Source file:   Source/ConvolutionFunctions/arm_convolve_get_buffer_sizes_s8.c
      Source file:   Source/SVDFunctions/arm_svdf_s8.c
      Source file:   Source/BasicMathFunctions/arm_elementwise_mul_s16_s8.c
      Source file:   Source/PoolingFunctions/arm_avgpool_s8.c
      Source file:   Source/ConcatenationFunctions/arm_concatenation_s8_x.c
      Source file:   Source/ConcatenationFunctions/arm_concatenation_s8_w.c
      Source file:   Source/ConvolutionFunctions/arm_depthwise_conv_3x3_s8.c
      Source file:   Source/BasicMathFunctions/arm_elementwise_mul_s16.c
      Source file:   Source/PoolingFunctions/arm_max_pool_s16.c
      Source file:   Source/ConvolutionFunctions/arm_convolve_get_buffer_sizes_s16.c
      Source file:   Source/PoolingFunctions/arm_avgpool_get_buffer_sizes_s8.c
      Source file:   Source/ConvolutionFunctions/arm_transpose_conv_wrapper_s8.c
      Source file:   Source/PoolingFunctions/arm_avgpool_get_buffer_sizes_s16.c
      Source file:   Source/PoolingFunctions/arm_avgpool_s16.c
      Source file:   Source/SVDFunctions/arm_svdf_get_buffer_sizes_s8.c
      Source file:   Source/BasicMathFunctions/arm_elementwise_mul_s8.c
      Source file:   Source/ConvolutionFunctions/arm_convolve_wrapper_s4.c
      Source file:   Source/ConvolutionFunctions/arm_transpose_conv_get_buffer_sizes_s8.c
      Source file:   Source/ConvolutionFunctions/arm_depthwise_conv_s8_opt.c
      Source file:   Source/BasicMathFunctions/arm_minimum_s8.c
      Source file:   Source/NNSupportFunctions/arm_nn_mat_mult_nt_t_s8.c
      Source file:   Source/NNSupportFunctions/arm_nn_lstm_step_s16.c
      Source file:   Source/BasicMathFunctions/arm_maximum_s8.c
      Source file:   Source/ActivationFunctions/arm_relu_q15.c
      Source file:   Source/ActivationFunctions/arm_nn_activation_s16.c
      Source file:   Source/ReshapeFunctions/arm_reshape_s8.c
      Source file:   Source/NNSupportFunctions/arm_nn_vec_mat_mult_t_per_ch_s8.c
      Source file:   Source/NNSupportFunctions/arm_s8_to_s16_unordered_with_offset.c
      Source file:   Source/NNSupportFunctions/arm_nn_vec_mat_mult_t_svdf_s8.c
      Source file:   Source/NNSupportFunctions/arm_nn_mat_mult_nt_t_s4.c
      Source file:   Source/TransposeFunctions/arm_transpose_s8.c
      Source file:   Source/NNSupportFunctions/arm_nn_mat_mul_core_4x_s8.c
      Source file:   Source/ActivationFunctions/arm_relu6_s8.c
      Source file:   Source/NNSupportFunctions/arm_nn_vec_mat_mult_t_s4.c
      Source file:   Source/NNSupportFunctions/arm_nntables.c
      Source file:   Source/NNSupportFunctions/arm_nn_transpose_conv_row_s8_s32.c
      Source file:   Source/NNSupportFunctions/arm_nn_depthwise_conv_nt_t_s4.c
      Source file:   Source/NNSupportFunctions/arm_nn_depthwise_conv_nt_t_s8.c
      Source file:   Source/NNSupportFunctions/arm_nn_depthwise_conv_nt_t_s16.c
      Source file:   Source/NNSupportFunctions/arm_nn_mat_mult_nt_t_s16.c
      Source file:   Source/NNSupportFunctions/arm_nn_vec_mat_mult_t_s8.c
      Source file:   Source/ActivationFunctions/arm_relu_q7.c
      Source file:   Source/NNSupportFunctions/arm_nn_vec_mat_mult_t_s16.c
      Source file:   Source/NNSupportFunctions/arm_q7_to_q15_with_offset.c
      Source file:   Source/NNSupportFunctions/arm_nn_mat_mult_nt_interleaved_t_even_s4.c
      Source file:   Source/NNSupportFunctions/arm_nn_mat_mult_nt_t_s8_s32.c
      Source file:   Source/NNSupportFunctions/arm_nn_mat_mul_core_1x_s4.c
      Source file:   Source/NNSupportFunctions/arm_nn_mat_mul_core_1x_s8.c
      Source file:   Source/NNSupportFunctions/arm_nn_depthwise_conv_nt_t_padded_s8.c
      Source file:   Source/NNSupportFunctions/arm_nn_lstm_step_s8.c
      Source file:   Source/NNSupportFunctions/arm_nn_vec_mat_mult_t_s16_s16.c
      Include file:  Include/arm_nn_tables.h
      Include file:  Include/arm_nn_types.h
      Include file:  Include/arm_nnfunctions.h
      Include file:  Include/arm_nnsupportfunctions.h
      Include file:  Include/arm_nn_math_types.h
      Source file:   Source/ConvolutionFunctions/arm_convolve_1_x_n_s8.c
      Source file:   Source/ConvolutionFunctions/arm_nn_mat_mult_kernel_s4_s16.c
      Source file:   Source/ConvolutionFunctions/arm_nn_mat_mult_kernel_s8_s16.c
      Source file:   Source/ConvolutionFunctions/arm_nn_mat_mult_kernel_s16.c
      Source file:   Source/ConvolutionFunctions/arm_convolve_1_x_n_s4.c
      Source file:   Source/ConvolutionFunctions/arm_depthwise_conv_wrapper_s8.c
      Source file:   Source/ConvolutionFunctions/arm_convolve_1x1_s8_fast.c
      Source file:   Source/ConvolutionFunctions/arm_convolve_1x1_s4_fast.c
      Source file:   Source/ConvolutionFunctions/arm_convolve_1x1_s4.c
      Source file:   Source/ConvolutionFunctions/arm_depthwise_conv_get_buffer_sizes_s8.c
      Source file:   Source/ConvolutionFunctions/arm_nn_mat_mult_s8.c
      Source file:   Source/ConvolutionFunctions/arm_depthwise_conv_wrapper_s16.c
      Source file:   Source/ConvolutionFunctions/arm_depthwise_conv_wrapper_s4.c
      Source file:   Source/ConvolutionFunctions/arm_depthwise_conv_s4.c
      Source file:   Source/ConvolutionFunctions/arm_depthwise_conv_s8.c
      Source file:   Source/ConvolutionFunctions/arm_depthwise_conv_fast_s16.c
      Source file:   Source/ConvolutionFunctions/arm_depthwise_conv_get_buffer_sizes_s16.c
      Source file:   Source/ConvolutionFunctions/arm_depthwise_conv_get_buffer_sizes_s4.c
      Source file:   Source/ConvolutionFunctions/arm_depthwise_conv_s4_opt.c
      Source file:   Source/ConvolutionFunctions/arm_convolve_s4.c
      Source file:   Source/ConvolutionFunctions/arm_convolve_even_s4.c
      Source file:   Source/ConvolutionFunctions/arm_convolve_1x1_s8.c
      Source file:   Source/ConvolutionFunctions/arm_depthwise_conv_s16.c
      Source file:   Source/ConvolutionFunctions/arm_convolve_s8.c
      Source file:   Source/ConvolutionFunctions/arm_convolve_s16.c
      Source file:   Source/SoftmaxFunctions/arm_softmax_u8.c
      Source file:   Source/FullyConnectedFunctions/arm_fully_connected_get_buffer_sizes_s8.c
      Source file:   Source/FullyConnectedFunctions/arm_batch_matmul_s8.c
      Source file:   Source/FullyConnectedFunctions/arm_fully_connected_get_buffer_sizes_s16.c
      Source file:   Source/SoftmaxFunctions/arm_softmax_s8_s16.c
      Source file:   Source/LSTMFunctions/arm_lstm_unidirectional_s16.c
      Source file:   Source/SoftmaxFunctions/arm_nn_softmax_common_s8.c
      Source file:   Source/SoftmaxFunctions/arm_softmax_s16.c
      Source file:   Source/PadFunctions/arm_pad_s8.c
      Source file:   Source/FullyConnectedFunctions/arm_fully_connected_s8.c
      Source file:   Source/FullyConnectedFunctions/arm_fully_connected_wrapper_s8.c
      Source file:   Source/FullyConnectedFunctions/arm_vector_sum_s8.c
      Source file:   Source/NNSupportFunctions/arm_nn_vec_mat_mul_result_acc_s16.c
      Source file:   Source/ConvolutionFunctions/arm_nn_mat_mult_kernel_row_offset_s8_s16.c
      Source file:   Source/FullyConnectedFunctions/arm_fully_connected_s16.c
      Source file:   Source/FullyConnectedFunctions/arm_batch_matmul_s16.c
      Source file:   Source/FullyConnectedFunctions/arm_fully_connected_s4.c
      Source file:   Source/FullyConnectedFunctions/arm_vector_sum_s8_s64.c
      Source file:   Source/NNSupportFunctions/arm_nn_lstm_calculate_gate_s16.c
      Source file:   Source/FullyConnectedFunctions/arm_fully_connected_per_channel_s8.c
      Source file:   Source/LSTMFunctions/arm_lstm_unidirectional_s8.c
      Source file:   Source/SoftmaxFunctions/arm_softmax_s8.c
      Source file:   Source/NNSupportFunctions/arm_nn_lstm_calculate_gate_s8_s16.c
      Source file:   Source/NNSupportFunctions/arm_nn_vec_mat_mul_result_acc_s8_s16.c

   * Component: tensorflow::Data Exchange:Serialization:flatbuffers:tensorflow:1.25.2

   * Component: tensorflow::Data Processing:Math:gemmlowp fixed-point:tensorflow:1.25.2

   * Component: tensorflow::Data Processing:Math:kissfft:tensorflow:1.25.2
      Source file:   src/kiss_fft.c
      Source file:   src/tools/kiss_fftr.c

   * Component: tensorflow::Data Processing:Math:ruy:tensorflow:1.25.2

   * Component: tensorflow::Machine Learning:TensorFlow:Kernel Utils:1.25.2
      Source file:   tensorflow/lite/micro/cortex_m_generic/debug_log.cpp
      Source file:   tensorflow/lite/micro/cortex_m_generic/micro_time.cpp
      Source file:   tensorflow/lite/micro/system_setup.cpp
      Source file:   tensorflow/lite/kernels/kernel_util.cpp

   * Component: tensorflow::Machine Learning:TensorFlow:Kernel:CMSIS-NN:1.25.2
      Source file:   tensorflow/lite/micro/kernels/unpack.cpp
      Source file:   tensorflow/lite/micro/kernels/circular_buffer_common.cpp
      Source file:   tensorflow/lite/micro/kernels/gather_nd.cpp
      Source file:   tensorflow/lite/micro/kernels/kernel_runner.cpp
      Source file:   tensorflow/lite/micro/kernels/prelu.cpp
      Source file:   tensorflow/lite/micro/micro_resource_variable.cpp
      Source file:   tensorflow/lite/micro/kernels/logistic.cpp
      Source file:   tensorflow/lite/micro/kernels/cmsis_nn/maximum_minimum.cpp
      Source file:   tensorflow/lite/micro/hexdump.cpp
      Source file:   tensorflow/lite/micro/kernels/circular_buffer.cpp
      Source file:   tensorflow/lite/micro/kernels/activations_common.cpp
      Source file:   tensorflow/lite/micro/memory_helpers.cpp
      Source file:   tensorflow/lite/micro/arena_allocator/non_persistent_arena_buffer_allocator.cpp
      Source file:   tensorflow/lite/micro/micro_log.cpp
      Source file:   tensorflow/lite/micro/kernels/squared_difference.cpp
      Source file:   tensorflow/lite/micro/kernels/cmsis_nn/depthwise_conv.cpp
      Source file:   tensorflow/lite/micro/kernels/assign_variable.cpp
      Source file:   tensorflow/lite/micro/kernels/cmsis_nn/add.cpp
      Source file:   tensorflow/lite/micro/kernels/concatenation.cpp
      Source file:   tensorflow/lite/micro/kernels/dequantize.cpp
      Source file:   tensorflow/lite/kernels/internal/runtime_shape.cpp
      Source file:   tensorflow/lite/kernels/internal/tensor_ctypes.cpp
      Source file:   tensorflow/lite/micro/kernels/expand_dims.cpp
      Source file:   tensorflow/lite/micro/kernels/l2norm.cpp
      Source file:   tensorflow/lite/micro/kernels/neg.cpp
      Source file:   tensorflow/lite/micro/kernels/cmsis_nn/fully_connected.cpp
      Source file:   tensorflow/lite/micro/kernels/cmsis_nn/mul.cpp
      Source file:   tensorflow/lite/micro/kernels/decompress.cpp
      Source file:   tensorflow/lite/micro/micro_interpreter_context.cpp
      Source file:   tensorflow/lite/micro/kernels/shape.cpp
      Source file:   tensorflow/lite/micro/kernels/logistic_common.cpp
      Source file:   tensorflow/lite/micro/kernels/sub_common.cpp
      Source file:   tensorflow/lite/micro/kernels/batch_to_space_nd.cpp
      Source file:   tensorflow/lite/micro/kernels/floor_div.cpp
      Source file:   tensorflow/lite/micro/kernels/dequantize_common.cpp
      Source file:   tensorflow/lite/micro/kernels/squeeze.cpp
      Source file:   tensorflow/lite/micro/mock_micro_graph.cpp
      Source file:   tensorflow/lite/micro/kernels/slice.cpp
      Source file:   tensorflow/lite/micro/kernels/gather.cpp
      Source file:   tensorflow/lite/micro/kernels/cmsis_nn/transpose_conv.cpp
      Source file:   tensorflow/lite/micro/arena_allocator/single_arena_buffer_allocator.cpp
      Source file:   tensorflow/lite/micro/kernels/logical.cpp
      Source file:   tensorflow/lite/micro/memory_planner/linear_memory_planner.cpp
      Source file:   tensorflow/lite/micro/memory_planner/non_persistent_buffer_planner_shim.cpp
      Source file:   tensorflow/lite/micro/micro_allocator.cpp
      Source file:   tensorflow/lite/micro/kernels/read_variable.cpp
      Source file:   tensorflow/lite/micro/kernels/div.cpp
      Source file:   tensorflow/lite/kernels/internal/quantization_util.cpp
      Source file:   tensorflow/lite/micro/kernels/cmsis_nn/unidirectional_sequence_lstm.cpp
      Source file:   tensorflow/lite/micro/kernels/detection_postprocess.cpp
      Source file:   tensorflow/lite/kernels/internal/tensor_utils.cpp
      Source file:   tensorflow/lite/micro/kernels/cmsis_nn/batch_matmul.cpp
      Source file:   tensorflow/lite/micro/kernels/softmax_common.cpp
      Source file:   tensorflow/lite/micro/micro_op_resolver.cpp
      Source file:   tensorflow/lite/micro/micro_context.cpp
      Source file:   tensorflow/lite/micro/kernels/reshape_common.cpp
      Source file:   tensorflow/lite/micro/kernels/reshape.cpp
      Source file:   tensorflow/lite/micro/kernels/resize_bilinear.cpp
      Source file:   tensorflow/lite/micro/kernels/zeros_like.cpp
      Source file:   tensorflow/lite/micro/kernels/depthwise_conv_common.cpp
      Source file:   tensorflow/lite/micro/kernels/cast.cpp
      Source file:   tensorflow/lite/micro/kernels/leaky_relu.cpp
      Source file:   tensorflow/lite/micro/tflite_bridge/micro_error_reporter.cpp
      Source file:   tensorflow/lite/micro/kernels/sub.cpp
      Source file:   tensorflow/lite/micro/micro_allocation_info.cpp
      Source file:   tensorflow/compiler/mlir/lite/schema/schema_utils.cpp
      Source file:   tensorflow/lite/micro/kernels/arg_min_max.cpp
      Source file:   tensorflow/lite/core/api/flatbuffer_conversions.cpp
      Source file:   tensorflow/lite/micro/kernels/log_softmax.cpp
      Source file:   tensorflow/lite/micro/kernels/split_v.cpp
      Source file:   tensorflow/lite/micro/micro_utils.cpp
      Source file:   tensorflow/compiler/mlir/lite/core/api/error_reporter.cpp
      Source file:   tensorflow/lite/micro/kernels/cmsis_nn/svdf.cpp
      Source file:   tensorflow/lite/micro/kernels/conv_common.cpp
      Source file:   tensorflow/lite/micro/kernels/mirror_pad.cpp
      Source file:   tensorflow/lite/micro/kernels/reduce_common.cpp
      Source file:   tensorflow/lite/kernels/internal/reference/portable_tensor_utils.cpp
      Source file:   tensorflow/lite/micro/kernels/hard_swish_common.cpp
      Source file:   tensorflow/lite/micro/kernels/space_to_depth.cpp
      Source file:   tensorflow/lite/micro/kernels/add_common.cpp
      Source file:   tensorflow/lite/micro/kernels/logical_common.cpp
      Source file:   tensorflow/lite/micro/kernels/l2_pool_2d.cpp
      Source file:   tensorflow/lite/micro/kernels/kernel_util.cpp
      Source file:   tensorflow/lite/micro/kernels/depth_to_space.cpp
      Source file:   tensorflow/lite/micro/memory_planner/greedy_memory_planner.cpp
      Source file:   tensorflow/lite/micro/kernels/exp.cpp
      Source file:   tensorflow/lite/micro/test_helpers.cpp
      Source file:   tensorflow/lite/micro/kernels/select.cpp
      Source file:   tensorflow/lite/micro/kernels/strided_slice_common.cpp
      Source file:   tensorflow/lite/micro/kernels/leaky_relu_common.cpp
      Source file:   tensorflow/lite/micro/kernels/reduce.cpp
      Source file:   tensorflow/lite/micro/flatbuffer_utils.cpp
      Source file:   tensorflow/lite/micro/kernels/ethosu.cpp
      Source file:   tensorflow/lite/micro/kernels/pooling_common.cpp
      Source file:   tensorflow/lite/micro/kernels/if.cpp
      Source file:   tensorflow/lite/micro/kernels/micro_tensor_utils.cpp
      Source file:   tensorflow/lite/core/c/common.cpp
      Source file:   tensorflow/lite/micro/kernels/broadcast_to.cpp
      Source file:   tensorflow/lite/micro/kernels/split.cpp
      Source file:   tensorflow/lite/micro/kernels/round.cpp
      Source file:   tensorflow/lite/micro/kernels/lstm_eval.cpp
      Source file:   tensorflow/lite/micro/kernels/hard_swish.cpp
      Source file:   tensorflow/lite/micro/kernels/transpose.cpp
      Source file:   tensorflow/lite/micro/arena_allocator/persistent_arena_buffer_allocator.cpp
      Source file:   tensorflow/lite/kernels/internal/common.cpp
      Source file:   tensorflow/lite/micro/kernels/elementwise.cpp
      Source file:   tensorflow/lite/kernels/internal/reference/comparisons.cpp
      Source file:   tensorflow/lite/micro/kernels/elu.cpp
      Source file:   tensorflow/lite/micro/kernels/cmsis_nn/pooling.cpp
      Source file:   tensorflow/lite/micro/kernels/add_n.cpp
      Source file:   tensorflow/lite/micro/kernels/activations.cpp
      Source file:   tensorflow/lite/micro/kernels/mul_common.cpp
      Source file:   tensorflow/lite/micro/kernels/call_once.cpp
      Source file:   tensorflow/lite/micro/kernels/comparisons.cpp
      Source file:   tensorflow/lite/micro/kernels/floor.cpp
      Source file:   tensorflow/lite/micro/kernels/strided_slice.cpp
      Source file:   tensorflow/lite/micro/kernels/space_to_batch_nd.cpp
      Source file:   tensorflow/lite/micro/recording_micro_allocator.cpp
      Source file:   tensorflow/lite/micro/kernels/cumsum.cpp
      Source file:   tensorflow/lite/micro/kernels/svdf_common.cpp
      Source file:   tensorflow/lite/micro/kernels/fully_connected_common.cpp
      Source file:   tensorflow/lite/micro/test_helper_custom_ops.cpp
      Source file:   tensorflow/lite/micro/kernels/pad.cpp
      Source file:   tensorflow/lite/core/api/tensor_utils.cpp
      Source file:   tensorflow/lite/micro/kernels/resize_nearest_neighbor.cpp
      Source file:   tensorflow/lite/micro/kernels/var_handle.cpp
      Source file:   tensorflow/lite/micro/kernels/cmsis_nn/softmax.cpp
      Source file:   tensorflow/lite/micro/kernels/batch_matmul_common.cpp
      Source file:   tensorflow/lite/micro/kernels/cmsis_nn/conv.cpp
      Source file:   tensorflow/lite/micro/kernels/while.cpp
      Source file:   tensorflow/lite/micro/kernels/quantize_common.cpp
      Source file:   tensorflow/lite/micro/kernels/floor_mod.cpp
      Source file:   tensorflow/lite/micro/micro_profiler.cpp
      Source file:   tensorflow/lite/micro/kernels/ceil.cpp
      Source file:   tensorflow/lite/micro/kernels/pack.cpp
      Source file:   tensorflow/lite/micro/kernels/decompress_common.cpp
      Source file:   tensorflow/lite/micro/micro_interpreter_graph.cpp
      Source file:   tensorflow/lite/kernels/internal/portable_tensor_utils.cpp
      Source file:   tensorflow/lite/micro/kernels/fill.cpp
      Source file:   tensorflow/lite/micro/kernels/prelu_common.cpp
      Source file:   tensorflow/lite/micro/kernels/tanh.cpp
      Source file:   tensorflow/lite/micro/kernels/embedding_lookup.cpp
      Source file:   tensorflow/lite/micro/micro_interpreter.cpp
      Source file:   tensorflow/lite/micro/fake_micro_context.cpp
      Source file:   tensorflow/lite/micro/arena_allocator/recording_single_arena_buffer_allocator.cpp
      Source file:   tensorflow/lite/micro/kernels/broadcast_args.cpp
      Source file:   tensorflow/lite/micro/kernels/quantize.cpp
      Source file:   tensorflow/lite/micro/tflite_bridge/flatbuffer_conversions_bridge.cpp
      Source file:   tensorflow/lite/micro/kernels/lstm_eval_common.cpp
Build Time Elapsed:  00:01:47
</pre>
</body>
</html>
